Microchip MPLAB XC8 Compiler V2.05 ()

Linker command line:

-W-3 --edf=D:\Program Files (x86)\Microchip\xc8\v2.05\pic\dat\en_msgs.txt \
  -cs -h+dist/default/production\5V.X.production.sym \
  --cmf=dist/default/production\5V.X.production.cmf -z -Q18F25K50 \
  -oC:\Users\orion\AppData\Local\Temp\s2bs.2 --defsym=__MPLAB_BUILD=1 \
  -Mdist/default/production/5V.X.production.map -E1 -ver=XC8 --acfsm=1493 \
  -ASTACK=060h-07FFh -pstack=STACK -ACODE=00h-07FFFh -ACONST=00h-07FFFh \
  -ASMALLCONST=0800h-08FFhx120 -AMEDIUMCONST=0800h-07FFFh -ACOMRAM=01h-05Fh \
  -AABS1=00h-07FFh -ABIGRAM=01h-07FFh -ARAM=060h-0FFh,0100h-01FFhx7 \
  -ABANK0=060h-0FFh -ABANK1=0100h-01FFh -ABANK2=0200h-02FFh \
  -ABANK3=0300h-03FFh -ABANK4=0400h-04FFh -ABANK5=0500h-05FFh \
  -ABANK6=0600h-06FFh -ABANK7=0700h-07FFh -ASFR=0F53h-0F5Fh,0F60h-0FFFh \
  -preset_vec=00h,intcode=08h,intcodelo,powerup,init -pramtop=0800h \
  -psmallconst=SMALLCONST -pmediumconst=MEDIUMCONST -pconst=CONST \
  -AFARRAM=00h-00h -ACONFIG=0300000h-030000Dh -pconfig=CONFIG \
  -AIDLOC=0200000h-0200007h -pidloc=IDLOC -AEEDATA=0F00000h-0F000FFh \
  -peeprom_data=EEDATA \
  -prdata=COMRAM,nvrram=COMRAM,nvbit=COMRAM,rbss=COMRAM,rbit=COMRAM \
  -pfarbss=FARRAM,fardata=FARRAM,nvFARRAM=FARRAM \
  -pintsave_regs=BIGRAM,bigbss=BIGRAM,bigdata=BIGRAM -pbss=RAM \
  -pidata=CODE,irdata=CODE,ibigdata=CODE,ifardata=CODE -prparam=COMRAM \
  C:\Users\orion\AppData\Local\Temp\s2bs.o \
  dist/default/production\5V.X.production.o 

Object code version is 3.11

Machine type is 18F25K50

Call graph: (short form)




                Name                               Link     Load   Length Selector   Space Scale
C:\Users\orion\AppData\Local\Temp\s2bs.o
                init                                 6A       6A        4        4       0
                reset_vec                             0        0        4        0       0
                idloc                            200000   200000        8   200000       0
                config                           300000   300000        E   300000       0
dist/default/production\5V.X.production.o
                intcode                               8        8       62        4       0
                temp                                 41       41        1        1       1
                smallconst                          800      800        C      400       0
                text9                               A4E      A4E       3E      406       0
                text8                               AB8      AB8       2C      406       0
                text6                               A10      A10       3E      406       0
                text5                               A8C      A8C       2C      406       0
                text4                               956      956       5E      406       0
                text3                               9B4      9B4       5C      406       0
                text2                               AE4      AE4       20      406       0
                text1                               8B6      8B6       A0      406       0
                text0                               80C      80C       AA      406       0
                cstackCOMRAM                         24       24       1D        1       1
                bssCOMRAM                             1        1       23        1       1
                cinit                               B04      B04       1A      406       0

TOTAL           Name                               Link     Load   Length     Space
        CLASS   STACK          

        CLASS   CODE           
                intcode                               8        8       62         0
                init                                 6A       6A        4         0
                reset_vec                             0        0        4         0
                text9                               A4E      A4E       3E         0
                text8                               AB8      AB8       2C         0
                text6                               A10      A10       3E         0
                text5                               A8C      A8C       2C         0
                text4                               956      956       5E         0
                text3                               9B4      9B4       5C         0
                text2                               AE4      AE4       20         0
                text1                               8B6      8B6       A0         0
                text0                               80C      80C       AA         0
                cinit                               B04      B04       1A         0

        CLASS   CONST          

        CLASS   SMALLCONST     
                smallconst                          800      800        C         0

        CLASS   MEDIUMCONST    

        CLASS   COMRAM         
                temp                                 41       41        1         1
                cstackCOMRAM                         24       24       1D         1
                bssCOMRAM                             1        1       23         1

        CLASS   ABS1           

        CLASS   BIGRAM         

        CLASS   RAM            

        CLASS   BANK0          

        CLASS   BANK1          

        CLASS   BANK2          

        CLASS   BANK3          

        CLASS   BANK4          

        CLASS   BANK5          

        CLASS   BANK6          

        CLASS   BANK7          

        CLASS   SFR            

        CLASS   FARRAM         

        CLASS   CONFIG         
                config                           300000   300000        E         0

        CLASS   IDLOC          
                idloc                            200000   200000        8         0

        CLASS   EEDATA         



SEGMENTS        Name                           Load    Length   Top    Selector   Space  Class

                reset_vec                      000000  000004  000004         0       0  CODE    
                bssCOMRAM                      000001  000041  000042         1       1  COMRAM  
                intcode                        000008  000066  00006E         4       0  CODE    
                smallconst                     000800  00000C  00080C       400       0  SMALLCON
                text0                          00080C  000312  000B1E       406       0  CODE    
                idloc                          200000  000008  200008    200000       0  IDLOC   
                config                         300000  00000E  30000E    300000       0  CONFIG  


UNUSED ADDRESS RANGES

        Name                Unused          Largest block    Delta
        BANK0            000060-0000FF               A0
        BANK1            000100-0001FF              100
        BANK2            000200-0002FF              100
        BANK3            000300-0003FF              100
        BANK4            000400-0004FF              100
        BANK5            000500-0005FF              100
        BANK6            000600-0006FF              100
        BANK7            000700-0007FF              100
        BIGRAM           000042-0007FF              7BE
        CODE             000004-000007                4
                         00006E-0007FF              792
                         000B1E-007FFF             74E2
        COMRAM           000042-00005F               1E
        CONST            000004-000007                4
                         00006E-0007FF              792
                         000B1E-007FFF             74E2
        EEDATA           F00000-F000FF              100
        MEDIUMCONST      000B1E-007FFF             74E2
        RAM              000060-0007FF              100
        SFR              000F53-000FFF                D
        SMALLCONST       000B1E-007FFF              100
        STACK            000060-0007FF              7A0

                                  Symbol Table

?_USART_ReceiveString            cstackCOMRAM 00002F
?_USART_SendByte                 cstackCOMRAM 00002B
Initialize_Baud_Rate@baud_rate   cstackCOMRAM 00002D
USART_Init@baud_rate             cstackCOMRAM 00002E
USART_ReceiveByte@i              cstackCOMRAM 00002D
USART_ReceiveByte@temp_char      cstackCOMRAM 00002C
USART_ReceiveString@buffer       cstackCOMRAM 00002F
USART_ReceiveString@i            cstackCOMRAM 000034
USART_ReceiveString@size         cstackCOMRAM 000031
USART_SendByte@byte              cstackCOMRAM 00002D
USART_SendString@attempts        cstackCOMRAM 000036
USART_SendString@i               cstackCOMRAM 000034
USART_SendString@size            cstackCOMRAM 000030
USART_SendString@str             cstackCOMRAM 00002E
_ANSELA                          (abs)        000F5B
_ANSELCbits                      (abs)        000F5D
_BAUDCON1                        (abs)        000FB8
_INTCONbits                      (abs)        000FF2
_IPR1bits                        (abs)        000F9F
_Initialize_Baud_Rate            text6        000A10
_LATA                            (abs)        000F89
_OSCCON                          (abs)        000FD3
_OSCCON2                         (abs)        000FD2
_OSCCON2bits                     (abs)        000FD2
_OSCCONbits                      (abs)        000FD3
_OSCTUNE                         (abs)        000F9B
_PIE1bits                        (abs)        000F9D
_PIR1bits                        (abs)        000F9E
_PMD0bits                        (abs)        000F7E
_RCONbits                        (abs)        000FD0
_RCREG1                          (abs)        000FAE
_RCSTA1                          (abs)        000FAB
_RCSTA1bits                      (abs)        000FAB
_SPBRG1                          (abs)        000FAF
_TRISA                           (abs)        000F92
_TRISCbits                       (abs)        000F94
_TXREG1                          (abs)        000FAD
_TXSTA1                          (abs)        000FAC
_TXSTA1bits                      (abs)        000FAC
_USART_Init                      text5        000A8C
_USART_ReceiveByte               text4        000956
_USART_ReceiveString             text3        0009B4
_USART_SendByte                  text2        000AE4
_USART_SendString                text1        0008B6
__CFG_BOREN$SBORDIS              (abs)        000000
__CFG_BORV$285                   (abs)        000000
__CFG_CCP2MX$RC1                 (abs)        000000
__CFG_CFGPLLEN$ON                (abs)        000000
__CFG_CP0$OFF                    (abs)        000000
__CFG_CP1$OFF                    (abs)        000000
__CFG_CP2$OFF                    (abs)        000000
__CFG_CP3$OFF                    (abs)        000000
__CFG_CPB$OFF                    (abs)        000000
__CFG_CPD$OFF                    (abs)        000000
__CFG_CPUDIV$NOCLKDIV            (abs)        000000
__CFG_EBTR0$OFF                  (abs)        000000
__CFG_EBTR1$OFF                  (abs)        000000
__CFG_EBTR2$OFF                  (abs)        000000
__CFG_EBTR3$OFF                  (abs)        000000
__CFG_EBTRB$OFF                  (abs)        000000
__CFG_FCMEN$ON                   (abs)        000000
__CFG_FOSC$INTOSCIO              (abs)        000000
__CFG_ICPRT$OFF                  (abs)        000000
__CFG_IESO$OFF                   (abs)        000000
__CFG_LS48MHZ$SYS48X8            (abs)        000000
__CFG_LVP$OFF                    (abs)        000000
__CFG_MCLRE$ON                   (abs)        000000
__CFG_PBADEN$OFF                 (abs)        000000
__CFG_PCLKEN$ON                  (abs)        000000
__CFG_PLLSEL$PLL3X               (abs)        000000
__CFG_SDOMX$RB3                  (abs)        000000
__CFG_STVREN$ON                  (abs)        000000
__CFG_T3CMX$RC0                  (abs)        000000
__CFG_WDTEN$OFF                  (abs)        000000
__CFG_WDTPS$256                  (abs)        000000
__CFG_WRT0$OFF                   (abs)        000000
__CFG_WRT1$OFF                   (abs)        000000
__CFG_WRT2$OFF                   (abs)        000000
__CFG_WRT3$OFF                   (abs)        000000
__CFG_WRTB$OFF                   (abs)        000000
__CFG_WRTC$OFF                   (abs)        000000
__CFG_WRTD$OFF                   (abs)        000000
__CFG_XINST$OFF                  (abs)        000000
__CFG_nLPBOR$OFF                 (abs)        000000
__CFG_nPWRTEN$OFF                (abs)        000000
__HRAM                           (abs)        000000
__Habs1                          abs1         000000
__Hbank0                         bank0        000000
__Hbank1                         bank1        000000
__Hbank2                         bank2        000000
__Hbank3                         bank3        000000
__Hbank4                         bank4        000000
__Hbank5                         bank5        000000
__Hbank6                         bank6        000000
__Hbank7                         bank7        000000
__Hbigbss                        bigbss       000000
__Hbigdata                       bigdata      000000
__Hbigram                        bigram       000000
__Hbss                           bss          000000
__HbssCOMRAM                     bssCOMRAM    000000
__Hcinit                         cinit        000000
__Hclrtext                       clrtext      000000
__Hcomram                        comram       000000
__Hconfig                        config       30000E
__Hconst                         const        000000
__HcstackCOMRAM                  cstackCOMRAM 000000
__Hdata                          data         000000
__Heeprom_data                   eeprom_data  000000
__Hfarbss                        farbss       000000
__Hfardata                       fardata      000000
__Hibigdata                      ibigdata     000000
__Hidata                         idata        000000
__Hidloc                         idloc        200008
__Hifardata                      ifardata     000000
__Hinit                          init         00006E
__Hintcode                       intcode      00006A
__Hintcode_body                  intcode_body 000000
__Hintcodelo                     intcodelo    00006A
__Hintentry                      intentry     000000
__Hintret                        intret       000000
__Hintsave_regs                  intsave_regs 000000
__Hirdata                        irdata       000000
__Hmediumconst                   mediumconst  000000
__HnvFARRAM                      nvFARRAM     000000
__Hnvbit                         nvbit        000000
__Hnvrram                        nvrram       000000
__Hparam                         rparam       000000
__Hpowerup                       powerup      00006A
__Hram                           ram          000000
__Hramtop                        ramtop       000800
__Hrbit                          rbit         000000
__Hrbss                          rbss         000000
__Hrdata                         rdata        000000
__Hreset_vec                     reset_vec    000004
__Hrparam                        rparam       000000
__Hsfr                           sfr          000000
__Hsmallconst                    smallconst   00080C
__Hspace_0                       (abs)        30000E
__Hspace_1                       (abs)        000042
__Hspace_2                       (abs)        000000
__Hstack                         stack        000000
__Hstruct                        struct       000000
__Htemp                          temp         000042
__Htext                          text         000000
__Htext0                         text0        000000
__Htext1                         text1        000000
__Htext2                         text2        000000
__Htext3                         text3        000000
__Htext4                         text4        000000
__Htext5                         text5        000000
__Htext6                         text6        000000
__Htext8                         text8        000000
__Htext9                         text9        000000
__LRAM                           (abs)        000001
__Labs1                          abs1         000000
__Lbank0                         bank0        000000
__Lbank1                         bank1        000000
__Lbank2                         bank2        000000
__Lbank3                         bank3        000000
__Lbank4                         bank4        000000
__Lbank5                         bank5        000000
__Lbank6                         bank6        000000
__Lbank7                         bank7        000000
__Lbigbss                        bigbss       000000
__Lbigdata                       bigdata      000000
__Lbigram                        bigram       000000
__Lbss                           bss          000000
__LbssCOMRAM                     bssCOMRAM    000000
__Lcinit                         cinit        000000
__Lclrtext                       clrtext      000000
__Lcomram                        comram       000000
__Lconfig                        config       300000
__Lconst                         const        000000
__LcstackCOMRAM                  cstackCOMRAM 000000
__Ldata                          data         000000
__Leeprom_data                   eeprom_data  000000
__Lfarbss                        farbss       000000
__Lfardata                       fardata      000000
__Libigdata                      ibigdata     000000
__Lidata                         idata        000000
__Lidloc                         idloc        200000
__Lifardata                      ifardata     000000
__Linit                          init         00006A
__Lintcode                       intcode      000008
__Lintcode_body                  intcode_body 000000
__Lintcodelo                     intcodelo    00006A
__Lintentry                      intentry     000000
__Lintret                        intret       000000
__Lintsave_regs                  intsave_regs 000000
__Lirdata                        irdata       000000
__Lmediumconst                   mediumconst  000000
__LnvFARRAM                      nvFARRAM     000000
__Lnvbit                         nvbit        000000
__Lnvrram                        nvrram       000000
__Lparam                         rparam       000000
__Lpowerup                       powerup      00006A
__Lram                           ram          000000
__Lramtop                        ramtop       000800
__Lrbit                          rbit         000000
__Lrbss                          rbss         000000
__Lrdata                         rdata        000000
__Lreset_vec                     reset_vec    000000
__Lrparam                        rparam       000000
__Lsfr                           sfr          000000
__Lsmallconst                    smallconst   000800
__Lspace_0                       (abs)        000000
__Lspace_1                       (abs)        000000
__Lspace_2                       (abs)        000000
__Lstack                         stack        000000
__Lstruct                        struct       000000
__Ltemp                          temp         000041
__Ltext                          text         000000
__Ltext0                         text0        000000
__Ltext1                         text1        000000
__Ltext2                         text2        000000
__Ltext3                         text3        000000
__Ltext4                         text4        000000
__Ltext5                         text5        000000
__Ltext6                         text6        000000
__Ltext8                         text8        000000
__Ltext9                         text9        000000
__S0                             (abs)        30000E
__S1                             (abs)        000042
__S2                             (abs)        000000
___inthi_sp                      stack        000000
___intlo_sp                      stack        000000
___param_bank                    (abs)        000000
___rparam_used                   (abs)        000001
___sp                            stack        000000
__accesstop                      (abs)        000060
__activetblptr                   (abs)        000002
__end_of_Initialize_Baud_Rate    text6        000A4E
__end_of_USART_Init              text5        000AB8
__end_of_USART_ReceiveByte       text4        0009B4
__end_of_USART_ReceiveString     text3        000A10
__end_of_USART_SendByte          text2        000B04
__end_of_USART_SendString        text1        000956
__end_of__initialization         cinit        000B10
__end_of_high_isr                intcode      00006A
__end_of_main                    text0        0008B6
__end_ofi2_Initialize_Baud_Rate  text9        000A8C
__end_ofi2_USART_Init            text8        000AE4
__initialization                 cinit        000B04
__mediumconst                    mediumconst  000000
__pbssCOMRAM                     bssCOMRAM    000001
__pcinit                         cinit        000B04
__pcstackCOMRAM                  cstackCOMRAM 000024
__pintcode                       intcode      000008
__psmallconst                    smallconst   000800
__ptext0                         text0        00080C
__ptext1                         text1        0008B6
__ptext2                         text2        000AE4
__ptext3                         text3        0009B4
__ptext4                         text4        000956
__ptext5                         text5        000A8C
__ptext6                         text6        000A10
__ptext8                         text8        000AB8
__ptext9                         text9        000A4E
__ramtop                         ramtop       000800
__size_of_Initialize_Baud_Rate   (abs)        000000
__size_of_USART_Init             (abs)        000000
__size_of_USART_ReceiveByte      (abs)        000000
__size_of_USART_ReceiveString    (abs)        000000
__size_of_USART_SendByte         (abs)        000000
__size_of_USART_SendString       (abs)        000000
__size_of_high_isr               (abs)        000000
__size_of_main                   (abs)        000000
__size_ofi2_Initialize_Baud_Rate (abs)        000000
__size_ofi2_USART_Init           (abs)        000000
__smallconst                     smallconst   000800
_high_isr                        intcode      000008
_main                            text0        00080C
_rx_buffer                       bssCOMRAM    000001
_rx_counter                      bssCOMRAM    000021
_tx_byte                         bssCOMRAM    000023
btemp                            temp         000041
end_of_initialization            cinit        000B10
i2Initialize_Baud_Rate@baud_rate cstackCOMRAM 000026
i2USART_Init@baud_rate           cstackCOMRAM 000027
i2_Initialize_Baud_Rate          text9        000A4E
i2_USART_Init                    text8        000AB8
int$flags                        temp         000041
intlevel0                        text         000000
intlevel1                        text         000000
intlevel2                        text         000000
intlevel3                        text         000000
main@okrec                       cstackCOMRAM 00003A
stackhi                          (abs)        0007FF
stacklo                          (abs)        000060
start                            init         00006A
start_initialization             cinit        000B04
ttemp5                           temp         000042
ttemp6                           temp         000045
ttemp7                           temp         000049
wtemp8                           temp         000042


FUNCTION INFORMATION:

 *************** function _main *****************
 Defined at:
		line 41 in file "main.c"
 Parameters:    Size  Location     Type
		None
 Auto vars:     Size  Location     Type
  okrec           7   22[COMRAM] unsigned char [7]
 Return value:  Size  Location     Type
                  1    wreg      void 
 Registers used:
		wreg, fsr1l, fsr1h, fsr2l, fsr2h, status,2, status,0, tblptrl, tblptrh, tblptru, cstack
 Tracked objects:
		On entry : 
		On exit  : 
		Unchanged: 
 Data sizes:     COMRAM   BANK0   BANK1   BANK2   BANK3   BANK4   BANK5   BANK6   BANK7
      Params:         0       0       0       0       0       0       0       0       0
      Locals:         7       0       0       0       0       0       0       0       0
      Temps:          2       0       0       0       0       0       0       0       0
      Totals:         9       0       0       0       0       0       0       0       0
Total ram usage:        9 bytes
 Hardware stack levels required when called:    5
 This function calls:
		_USART_Init
		_USART_ReceiveString
		_USART_SendString
 This function is called by:
		Startup code after reset
 This function uses a non-reentrant model


 *************** function _USART_SendString *****************
 Defined at:
		line 56 in file "USART.c"
 Parameters:    Size  Location     Type
  str             2   10[COMRAM] PTR unsigned char 
		 -> STR_1(9), 
  size            2   12[COMRAM] int 
 Auto vars:     Size  Location     Type
  attempts        2   18[COMRAM] int 
  i               2   16[COMRAM] int 
 Return value:  Size  Location     Type
                  2   10[COMRAM] int 
 Registers used:
		wreg, status,2, status,0, tblptrl, tblptrh, tblptru, cstack
 Tracked objects:
		On entry : 
		On exit  : 
		Unchanged: 
 Data sizes:     COMRAM   BANK0   BANK1   BANK2   BANK3   BANK4   BANK5   BANK6   BANK7
      Params:         4       0       0       0       0       0       0       0       0
      Locals:         4       0       0       0       0       0       0       0       0
      Temps:          2       0       0       0       0       0       0       0       0
      Totals:        10       0       0       0       0       0       0       0       0
Total ram usage:       10 bytes
 Hardware stack levels used:    1
 Hardware stack levels required when called:    4
 This function calls:
		_USART_SendByte
 This function is called by:
		_main
 This function uses a non-reentrant model


 *************** function _USART_SendByte *****************
 Defined at:
		line 47 in file "USART.c"
 Parameters:    Size  Location     Type
  byte            1    wreg     unsigned char 
 Auto vars:     Size  Location     Type
  byte            1    9[COMRAM] unsigned char 
 Return value:  Size  Location     Type
                  2    7[COMRAM] int 
 Registers used:
		wreg, status,2
 Tracked objects:
		On entry : 
		On exit  : 
		Unchanged: 
 Data sizes:     COMRAM   BANK0   BANK1   BANK2   BANK3   BANK4   BANK5   BANK6   BANK7
      Params:         2       0       0       0       0       0       0       0       0
      Locals:         1       0       0       0       0       0       0       0       0
      Temps:          0       0       0       0       0       0       0       0       0
      Totals:         3       0       0       0       0       0       0       0       0
Total ram usage:        3 bytes
 Hardware stack levels used:    1
 Hardware stack levels required when called:    3
 This function calls:
		Nothing
 This function is called by:
		_USART_SendString
 This function uses a non-reentrant model


 *************** function _USART_ReceiveString *****************
 Defined at:
		line 84 in file "USART.c"
 Parameters:    Size  Location     Type
  buffer          2   11[COMRAM] PTR unsigned char 
		 -> main@okrec(7), 
  size            2   13[COMRAM] int 
 Auto vars:     Size  Location     Type
  i               2   16[COMRAM] int 
 Return value:  Size  Location     Type
                  2   11[COMRAM] int 
 Registers used:
		wreg, fsr1l, fsr1h, fsr2l, fsr2h, status,2, status,0, cstack
 Tracked objects:
		On entry : 
		On exit  : 
		Unchanged: 
 Data sizes:     COMRAM   BANK0   BANK1   BANK2   BANK3   BANK4   BANK5   BANK6   BANK7
      Params:         4       0       0       0       0       0       0       0       0
      Locals:         2       0       0       0       0       0       0       0       0
      Temps:          1       0       0       0       0       0       0       0       0
      Totals:         7       0       0       0       0       0       0       0       0
Total ram usage:        7 bytes
 Hardware stack levels used:    1
 Hardware stack levels required when called:    4
 This function calls:
		_USART_ReceiveByte
 This function is called by:
		_main
 This function uses a non-reentrant model


 *************** function _USART_ReceiveByte *****************
 Defined at:
		line 71 in file "USART.c"
 Parameters:    Size  Location     Type
		None
 Auto vars:     Size  Location     Type
  i               2    9[COMRAM] int 
  temp_char       1    8[COMRAM] unsigned char 
 Return value:  Size  Location     Type
                  1    wreg      unsigned char 
 Registers used:
		wreg, fsr1l, fsr1h, fsr2l, fsr2h, status,2, status,0
 Tracked objects:
		On entry : 
		On exit  : 
		Unchanged: 
 Data sizes:     COMRAM   BANK0   BANK1   BANK2   BANK3   BANK4   BANK5   BANK6   BANK7
      Params:         0       0       0       0       0       0       0       0       0
      Locals:         3       0       0       0       0       0       0       0       0
      Temps:          1       0       0       0       0       0       0       0       0
      Totals:         4       0       0       0       0       0       0       0       0
Total ram usage:        4 bytes
 Hardware stack levels used:    1
 Hardware stack levels required when called:    3
 This function calls:
		Nothing
 This function is called by:
		_USART_ReceiveString
 This function uses a non-reentrant model


 *************** function _USART_Init *****************
 Defined at:
		line 5 in file "USART.c"
 Parameters:    Size  Location     Type
  baud_rate       2   10[COMRAM] int 
 Auto vars:     Size  Location     Type
		None
 Return value:  Size  Location     Type
                  1    wreg      void 
 Registers used:
		wreg, status,2, status,0, cstack
 Tracked objects:
		On entry : 
		On exit  : 
		Unchanged: 
 Data sizes:     COMRAM   BANK0   BANK1   BANK2   BANK3   BANK4   BANK5   BANK6   BANK7
      Params:         2       0       0       0       0       0       0       0       0
      Locals:         0       0       0       0       0       0       0       0       0
      Temps:          0       0       0       0       0       0       0       0       0
      Totals:         2       0       0       0       0       0       0       0       0
Total ram usage:        2 bytes
 Hardware stack levels used:    1
 Hardware stack levels required when called:    4
 This function calls:
		_Initialize_Baud_Rate
 This function is called by:
		_main
 This function uses a non-reentrant model


 *************** function _Initialize_Baud_Rate *****************
 Defined at:
		line 27 in file "USART.c"
 Parameters:    Size  Location     Type
  baud_rate       1    wreg     unsigned char 
 Auto vars:     Size  Location     Type
  baud_rate       1    9[COMRAM] unsigned char 
 Return value:  Size  Location     Type
                  2   84[None  ] int 
 Registers used:
		wreg, status,2, status,0
 Tracked objects:
		On entry : 
		On exit  : 
		Unchanged: 
 Data sizes:     COMRAM   BANK0   BANK1   BANK2   BANK3   BANK4   BANK5   BANK6   BANK7
      Params:         0       0       0       0       0       0       0       0       0
      Locals:         1       0       0       0       0       0       0       0       0
      Temps:          2       0       0       0       0       0       0       0       0
      Totals:         3       0       0       0       0       0       0       0       0
Total ram usage:        3 bytes
 Hardware stack levels used:    1
 Hardware stack levels required when called:    3
 This function calls:
		Nothing
 This function is called by:
		_USART_Init
 This function uses a non-reentrant model


 *************** function _high_isr *****************
 Defined at:
		line 17 in file "main.c"
 Parameters:    Size  Location     Type
		None
 Auto vars:     Size  Location     Type
		None
 Return value:  Size  Location     Type
                  1    wreg      void 
 Registers used:
		wreg, fsr2l, fsr2h, status,2, status,0, cstack
 Tracked objects:
		On entry : 
		On exit  : 
		Unchanged: 
 Data sizes:     COMRAM   BANK0   BANK1   BANK2   BANK3   BANK4   BANK5   BANK6   BANK7
      Params:         0       0       0       0       0       0       0       0       0
      Locals:         0       0       0       0       0       0       0       0       0
      Temps:          2       0       0       0       0       0       0       0       0
      Totals:         2       0       0       0       0       0       0       0       0
Total ram usage:        2 bytes
 Hardware stack levels used:    1
 Hardware stack levels required when called:    2
 This function calls:
		i2_USART_Init
 This function is called by:
		Interrupt level 2
 This function uses a non-reentrant model


 *************** function i2_USART_Init *****************
 Defined at:
		line 5 in file "USART.c"
 Parameters:    Size  Location     Type
  baud_rate       2    3[COMRAM] int 
 Auto vars:     Size  Location     Type
		None
 Return value:  Size  Location     Type
                  1    wreg      void 
 Registers used:
		wreg, status,2, status,0, cstack
 Tracked objects:
		On entry : 
		On exit  : 
		Unchanged: 
 Data sizes:     COMRAM   BANK0   BANK1   BANK2   BANK3   BANK4   BANK5   BANK6   BANK7
      Params:         2       0       0       0       0       0       0       0       0
      Locals:         0       0       0       0       0       0       0       0       0
      Temps:          0       0       0       0       0       0       0       0       0
      Totals:         2       0       0       0       0       0       0       0       0
Total ram usage:        2 bytes
 Hardware stack levels used:    1
 Hardware stack levels required when called:    1
 This function calls:
		i2_Initialize_Baud_Rate
 This function is called by:
		_high_isr
 This function uses a non-reentrant model


 *************** function i2_Initialize_Baud_Rate *****************
 Defined at:
		line 27 in file "USART.c"
 Parameters:    Size  Location     Type
  baud_rate       1    wreg     unsigned char 
 Auto vars:     Size  Location     Type
  baud_rate       1    2[COMRAM] unsigned char 
 Return value:  Size  Location     Type
                  2    0[None  ] int 
 Registers used:
		wreg, status,2, status,0
 Tracked objects:
		On entry : 
		On exit  : 
		Unchanged: 
 Data sizes:     COMRAM   BANK0   BANK1   BANK2   BANK3   BANK4   BANK5   BANK6   BANK7
      Params:         0       0       0       0       0       0       0       0       0
      Locals:         1       0       0       0       0       0       0       0       0
      Temps:          2       0       0       0       0       0       0       0       0
      Totals:         3       0       0       0       0       0       0       0       0
Total ram usage:        3 bytes
 Hardware stack levels used:    1
 This function calls:
		Nothing
 This function is called by:
		i2_USART_Init
 This function uses a non-reentrant model



MODULE INFORMATION

Module		Function		Class		Link	Load	Size
USART.c
		_USART_SendByte		CODE           	0AE4	0000	33
		_Initialize_Baud_Rate		CODE           	0A10	0000	63
		_USART_ReceiveString		CODE           	09B4	0000	93
		_USART_ReceiveByte		CODE           	0956	0000	95
		_USART_SendString		CODE           	08B6	0000	161
		_USART_Init    		CODE           	0A8C	0000	45

USART.c estimated size: 490

shared
		i2_Initialize_Baud_Rate		CODE           	0A4E	0000	63
		__initialization		CODE           	0B04	0000	13
		i2_USART_Init  		CODE           	0AB8	0000	45

shared estimated size: 121

main.c
		_main          		CODE           	080C	0000	171
		_high_isr      		CODE           	0008	0000	99

main.c estimated size: 270

