Microchip MPLAB XC8 Compiler V2.05 ()

Linker command line:

-W-3 --edf=/opt/microchip/xc8/v2.05/pic/dat/en_msgs.txt -pivt0x8=08h -cs \
  -h+dist/default/debug/5V_PPS_Project.X.debug.sym \
  --cmf=dist/default/debug/5V_PPS_Project.X.debug.cmf -z -Q18F27K42 \
  -o/tmp/xcXz09WbH --defsym=__MPLAB_BUILD=1 \
  -Mdist/default/debug/5V_PPS_Project.X.debug.map -E1 -ver=XC8 --acfsm=1493 \
  -ASTACK=01B1h-01FFFh -pstack=STACK -ACODE=00h-01FFFFh -ACONST=00h-01FFFFh \
  -ASMALLCONST=02000h-020FFhx480 \
  -AMEDIUMCONST=02000h-0FFFFh,012000h-01FFFFh -ACOMRAM=01h-05Fh \
  -AABS1=00h-01FFFh -ABIGRAM=01h-01FFFh -ARAM=060h-0FFh,0100h-01FFhx31 \
  -ABANK0=060h-0FFh -ABANK1=0100h-01FFh -ABANK2=0200h-02FFh \
  -ABANK3=0300h-03FFh -ABANK4=0400h-04FFh -ABANK5=0500h-05FFh \
  -ABANK6=0600h-06FFh -ABANK7=0700h-07FFh -ABANK8=0800h-08FFh \
  -ABANK9=0900h-09FFh -ABANK10=0A00h-0AFFh -ABANK11=0B00h-0BFFh \
  -ABANK12=0C00h-0CFFh -ABANK13=0D00h-0DFFh -ABANK14=0E00h-0EFFh \
  -ABANK15=0F00h-0FFFh -ABANK16=01000h-010FFh -ABANK17=01100h-011FFh \
  -ABANK18=01200h-012FFh -ABANK19=01300h-013FFh -ABANK20=01400h-014FFh \
  -ABANK21=01500h-015FFh -ABANK22=01600h-016FFh -ABANK23=01700h-017FFh \
  -ABANK24=01800h-018FFh -ABANK25=01900h-019FFh -ABANK26=01A00h-01AFFh \
  -ABANK27=01B00h-01BFFh -ABANK28=01C00h-01CFFh -ABANK29=01D00h-01DFFh \
  -ABANK30=01E00h-01EFFh -ABANK31=01F00h-01FFFh \
  -ASFR=03800h-038FFhx7,03F00h-03F5Fh,03F60h-03FFFh -preset_vec=00h \
  -ppowerup=CODE,init -pramtop=02000h -psmallconst=SMALLCONST \
  -pmediumconst=MEDIUMCONST -pconst=CONST -AFARRAM=00h-00h \
  -ACONFIG=0300000h-0300009h -pconfig=CONFIG -AIDLOC=0200000h-020000Fh \
  -pidloc=IDLOC -AEEDATA=0310000h-03103FFh -peeprom_data=EEDATA \
  -prdata=COMRAM,nvrram=COMRAM,nvbit=COMRAM,rbss=COMRAM,rbit=COMRAM \
  -pfarbss=FARRAM,fardata=FARRAM,nvFARRAM=FARRAM \
  -pintsave_regs=BIGRAM,bigbss=BIGRAM,bigdata=BIGRAM -pbss=RAM \
  -pidata=CODE,irdata=CODE,ibigdata=CODE,ifardata=CODE -prparam=COMRAM \
  /tmp/xcXyWjQYZ.o dist/default/debug/5V_PPS_Project.X.debug.o 

Object code version is 3.11

Machine type is 18F27K42

Call graph: (short form)




                Name                               Link     Load   Length Selector   Space Scale
/tmp/xcXyWjQYZ.o
                init                                 AE       AE        4        4       0
                reset_vec                             0        0        4        0       0
                idloc                            200000   200000       10   200000       0
                config                           300000   300000        A   300000       0
dist/default/debug/5V_PPS_Project.X.debug.o
                smallconst                         2000     2000       AC     1000       0
                ivt0x8                                8        8       A6        4       0
                text48                             4F78     4F78        2     13DE       0
                text47                             4F40     4F40       14     13D0       0
                text46                             4F28     4F28       16     13CA       0
                text45                             4F10     4F10       16     13C4       0
                text44                             3F44     3F44      164     1056       0
                text43                             46B0     46B0       9C     1056       0
                text42                             4EF8     4EF8       16     13BE       0
                text41                             4F68     4F68        C     13DA       0
                text40                             4F54     4F54       12     13D0       0
                text39                             4C4C     4C4C       56     1056       0
                text38                             4E9C     4E9C       22     1056       0
                text37                             4A5A     4A5A       6C     1056       0
                text36                             48F6     48F6       82     1056       0
                text35                             4E42     4E42       2E     1056       0
                text34                             3D64     3D64      1E0     1056       0
                text33                             4D34     4D34       3C     1056       0
                text32                             460E     460E       A2     1056       0
                text31                             4E70     4E70       2C     1056       0
                text30                             4EDE     4EDE       18     1056       0
                text29                             474C     474C       98     1056       0
                text28                             4DA6     4DA6       36     1056       0
                text27                             486E     486E       88     1056       0
                text26                             4978     4978       74     1056       0
                text25                             3690     3690      2AC     1056       0
                text24                             47E4     47E4       8A     1056       0
                text23                             4194     4194       D0     1056       0
                text22                             2C02     2C02      3B2     1056       0
                text21                             4D70     4D70       36     1056       0
                text20                             3348     3348      348     1056       0
                text19                             4BEE     4BEE       5E     1056       0
                text18                             4332     4332       CA     1056       0
                text17                             40A8     40A8       EC     1056       0
                text16                             3B68     3B68      1FC     1056       0
                text15                             4F74     4F74        2     13DA       0
                text14                             4560     4560       AE     1056       0
                text13                             4CF6     4CF6       3E     1056       0
                text12                             4E10     4E10       32     1056       0
                text11                             44AE     44AE       B2     1056       0
                text10                             4AC6     4AC6       68     1056       0
                text9                              4DDC     4DDC       34     1056       0
                text8                              4CA2     4CA2       54     1056       0
                text7                              20AC     20AC      B56     1056       0
                text6                              4264     4264       CE     1056       0
                text5                              2FB4     2FB4      394     1056       0
                text4                              49EC     49EC       6E     1056       0
                text3                              4B2E     4B2E       62     1056       0
                text2                              393C     393C      22C     1056       0
                text1                              4EBE     4EBE       20     1056       0
                text0                              43FC     43FC       B2     1056       0
                cstackCOMRAM                          1        1       3C        1       1
                cstackBANK0                          60       60       73       60       1
                cstackBANK1                         1A7      1A7        A      100       1
                bssBANK1                            100      100       A7      100       1
                dataBANK0                            FD       FD        1       60       1
                bssBANK0                             D3       D3       2A       60       1
                dataCOMRAM                           4C       4C        1        1       1
                bssCOMRAM                            3D       3D        F        1       1
                cinit                              4B90     4B90       5E     1056       0
                idataBANK0                         4F7B     4F7B        1     13DE       0
                idataCOMRAM                        4F7A     4F7A        1     13DE       0

TOTAL           Name                               Link     Load   Length     Space
        CLASS   STACK          

        CLASS   CODE           
                init                                 AE       AE        4         0
                reset_vec                             0        0        4         0
                ivt0x8                                8        8       A6         0
                text48                             4F78     4F78        2         0
                text47                             4F40     4F40       14         0
                text46                             4F28     4F28       16         0
                text45                             4F10     4F10       16         0
                text44                             3F44     3F44      164         0
                text43                             46B0     46B0       9C         0
                text42                             4EF8     4EF8       16         0
                text41                             4F68     4F68        C         0
                text40                             4F54     4F54       12         0
                text39                             4C4C     4C4C       56         0
                text38                             4E9C     4E9C       22         0
                text37                             4A5A     4A5A       6C         0
                text36                             48F6     48F6       82         0
                text35                             4E42     4E42       2E         0
                text34                             3D64     3D64      1E0         0
                text33                             4D34     4D34       3C         0
                text32                             460E     460E       A2         0
                text31                             4E70     4E70       2C         0
                text30                             4EDE     4EDE       18         0
                text29                             474C     474C       98         0
                text28                             4DA6     4DA6       36         0
                text27                             486E     486E       88         0
                text26                             4978     4978       74         0
                text25                             3690     3690      2AC         0
                text24                             47E4     47E4       8A         0
                text23                             4194     4194       D0         0
                text22                             2C02     2C02      3B2         0
                text21                             4D70     4D70       36         0
                text20                             3348     3348      348         0
                text19                             4BEE     4BEE       5E         0
                text18                             4332     4332       CA         0
                text17                             40A8     40A8       EC         0
                text16                             3B68     3B68      1FC         0
                text15                             4F74     4F74        2         0
                text14                             4560     4560       AE         0
                text13                             4CF6     4CF6       3E         0
                text12                             4E10     4E10       32         0
                text11                             44AE     44AE       B2         0
                text10                             4AC6     4AC6       68         0
                text9                              4DDC     4DDC       34         0
                text8                              4CA2     4CA2       54         0
                text7                              20AC     20AC      B56         0
                text6                              4264     4264       CE         0
                text5                              2FB4     2FB4      394         0
                text4                              49EC     49EC       6E         0
                text3                              4B2E     4B2E       62         0
                text2                              393C     393C      22C         0
                text1                              4EBE     4EBE       20         0
                text0                              43FC     43FC       B2         0
                cinit                              4B90     4B90       5E         0
                idataBANK0                         4F7B     4F7B        1         0
                idataCOMRAM                        4F7A     4F7A        1         0

        CLASS   CONST          

        CLASS   SMALLCONST     
                smallconst                         2000     2000       AC         0

        CLASS   MEDIUMCONST    

        CLASS   COMRAM         
                cstackCOMRAM                          1        1       3C         1
                dataCOMRAM                           4C       4C        1         1
                bssCOMRAM                            3D       3D        F         1

        CLASS   ABS1           

        CLASS   BIGRAM         

        CLASS   RAM            

        CLASS   BANK0          
                cstackBANK0                          60       60       73         1
                dataBANK0                            FD       FD        1         1
                bssBANK0                             D3       D3       2A         1

        CLASS   BANK1          
                cstackBANK1                         1A7      1A7        A         1
                bssBANK1                            100      100       A7         1

        CLASS   BANK2          

        CLASS   BANK3          

        CLASS   BANK4          

        CLASS   BANK5          

        CLASS   BANK6          

        CLASS   BANK7          

        CLASS   BANK8          

        CLASS   BANK9          

        CLASS   BANK10         

        CLASS   BANK11         

        CLASS   BANK12         

        CLASS   BANK13         

        CLASS   BANK14         

        CLASS   BANK15         

        CLASS   BANK16         

        CLASS   BANK17         

        CLASS   BANK18         

        CLASS   BANK19         

        CLASS   BANK20         

        CLASS   BANK21         

        CLASS   BANK22         

        CLASS   BANK23         

        CLASS   BANK24         

        CLASS   BANK25         

        CLASS   BANK26         

        CLASS   BANK27         

        CLASS   BANK28         

        CLASS   BANK29         

        CLASS   BANK30         

        CLASS   BANK31         

        CLASS   SFR            

        CLASS   FARRAM         

        CLASS   CONFIG         
                config                           300000   300000        A         0

        CLASS   IDLOC          
                idloc                            200000   200000       10         0

        CLASS   EEDATA         



SEGMENTS        Name                           Load    Length   Top    Selector   Space  Class

                reset_vec                      000000  000004  000004         0       0  CODE    
                cstackCOMRAM                   000001  00004C  00004D         1       1  COMRAM  
                ivt0x8                         000008  0000AA  0000B2         4       0  CODE    
                cstackBANK0                    000060  00009E  0000FE        60       1  BANK0   
                bssBANK1                       000100  0000B1  0001B1       100       1  BANK1   
                smallconst                     002000  0000AC  0020AC      1000       0  SMALLCON
                text7                          0020AC  002E4A  004EF6      1056       0  CODE    
                text42                         004EF8  000016  004F0E      13BE       0  CODE    
                text45                         004F10  000016  004F26      13C4       0  CODE    
                text46                         004F28  000016  004F3E      13CA       0  CODE    
                text47                         004F40  000026  004F66      13D0       0  CODE    
                text41                         004F68  00000E  004F76      13DA       0  CODE    
                text48                         004F78  000004  004F7C      13DE       0  CODE    
                idloc                          200000  000010  200010    200000       0  IDLOC   
                config                         300000  00000A  30000A    300000       0  CONFIG  


UNUSED ADDRESS RANGES

        Name                Unused          Largest block    Delta
        BANK0            0000FE-0000FF                2
        BANK1            0001B1-0001FF               4F
        BANK10           000A00-000AFF              100
        BANK11           000B00-000BFF              100
        BANK12           000C00-000CFF              100
        BANK13           000D00-000DFF              100
        BANK14           000E00-000EFF              100
        BANK15           000F00-000FFF              100
        BANK16           001000-0010FF              100
        BANK17           001100-0011FF              100
        BANK18           001200-0012FF              100
        BANK19           001300-0013FF              100
        BANK2            000200-0002FF              100
        BANK20           001400-0014FF              100
        BANK21           001500-0015FF              100
        BANK22           001600-0016FF              100
        BANK23           001700-0017FF              100
        BANK24           001800-0018FF              100
        BANK25           001900-0019FF              100
        BANK26           001A00-001AFF              100
        BANK27           001B00-001BFF              100
        BANK28           001C00-001CFF              100
        BANK29           001D00-001DFF              100
        BANK3            000300-0003FF              100
        BANK30           001E00-001EFF              100
        BANK31           001F00-001FFF              100
        BANK4            000400-0004FF              100
        BANK5            000500-0005FF              100
        BANK6            000600-0006FF              100
        BANK7            000700-0007FF              100
        BANK8            000800-0008FF              100
        BANK9            000900-0009FF              100
        BIGRAM           00004D-00005F               13
                         0000FE-0000FF                2
                         0001B1-001FFF             1E4F
        CODE             000004-000007                4
                         0000B2-001FFF             1F4E
                         004EF6-004EF7                2
                         004F0E-004F0F                2
                         004F26-004F27                2
                         004F3E-004F3F                2
                         004F66-004F67                2
                         004F76-004F77                2
                         004F7C-01FFFF            1B084
        COMRAM           00004D-00005F               13
        CONST            000004-000007                4
                         0000B2-001FFF             1F4E
                         004EF6-004EF7                2
                         004F0E-004F0F                2
                         004F26-004F27                2
                         004F3E-004F3F                2
                         004F66-004F67                2
                         004F76-004F77                2
                         004F7C-01FFFF            1B084
        EEDATA           310000-3103FF              400
        MEDIUMCONST      004EF6-004EF7                2
                         004F0E-004F0F                2
                         004F26-004F27                2
                         004F3E-004F3F                2
                         004F66-004F67                2
                         004F76-004F77                2
                         004F7C-00FFFF             B084
                         012000-01FFFF             E000
        RAM              0000FE-0000FF                2
                         0001B1-001FFF              100
        SFR              003800-003FFF              100
        SMALLCONST       004EF6-004EF7                2
                         004F0E-004F0F                2
                         004F26-004F27                2
                         004F3E-004F3F                2
                         004F66-004F67                2
                         004F76-004F77                2
                         004F7C-01FFFF              100
        STACK            0001B1-001FFF             1E4F

                                  Symbol Table

?_GetStringSize                cstackCOMRAM 000014
?___awdiv                      cstackCOMRAM 000014
?___awmod                      cstackCOMRAM 000014
?___fladd                      cstackCOMRAM 000014
?___fldiv                      cstackCOMRAM 000014
?___flmul                      cstackCOMRAM 000014
?___flneg                      cstackCOMRAM 000014
?___flsub                      cstackCOMRAM 00002D
?___fltol                      cstackCOMRAM 000014
?___fpclassifyf                cstackCOMRAM 000014
?___wmul                       cstackCOMRAM 000014
?___xxtofl                     cstackCOMRAM 000002
?_efgtoa                       cstackBANK0  00006A
?_floorf                       cstackCOMRAM 00002D
?_isupper                      cstackCOMRAM 000014
?_pad                          cstackCOMRAM 000024
?_sprintf                      cstackBANK0  0000C6
?_strlen                       cstackCOMRAM 000014
?_strncmp                      cstackCOMRAM 000014
?_tolower                      cstackCOMRAM 00001A
?_vfpfcnvrt                    cstackBANK0  0000AE
?_vfprintf                     cstackBANK0  0000BE
ADC_ISR@adc_result             cstackCOMRAM 000012
ADC_Start@pin                  cstackCOMRAM 000001
GetStringSize@i                cstackCOMRAM 000016
I2C_Transmit@address           cstackCOMRAM 000017
I2C_Transmit@buffer            cstackCOMRAM 000014
I2C_Transmit@buffer_size       cstackCOMRAM 000016
I2C_Transmit@i                 cstackCOMRAM 00001F
I2C_handler@value              cstackCOMRAM 000020
IVTBASEH                       (abs)        003FD6
IVTBASEL                       (abs)        003FD5
IVTBASEU                       (abs)        003FD7
UART1_Init@baud_rate           cstackCOMRAM 000016
UART1_SendByte@byte            cstackCOMRAM 000014
UART1_SendString@attempts      cstackCOMRAM 00001E
UART1_SendString@i             cstackCOMRAM 00001C
UART1_SendString@size          cstackCOMRAM 00001A
UART1_SendString@str           cstackCOMRAM 000018
_AD5272_COMMANDS               bssBANK0     0000FB
_AD5272_VOLTAGE_ADDRESS        dataBANK0    0000FD
_ADCON0                        (abs)        003EF8
_ADCON0bits                    (abs)        003EF8
_ADCON1                        (abs)        003EF9
_ADCON2                        (abs)        003EFA
_ADC_CURRENT_RESULT            bssBANK0     0000EB
_ADC_ISR                       text43       0046B0
_ADC_Init                      text38       004E9C
_ADC_Start                     text40       004F54
_ADC_VOLTAGE_RESULT            bssBANK0     0000EF
_ADPCH                         (abs)        003EF1
_ADREF                         (abs)        003EFD
_ADRESH                        (abs)        003EF0
_ADRESL                        (abs)        003EEF
_ANSELAbits                    (abs)        003A40
_ANSELBbits                    (abs)        003A50
_ANSELCbits                    (abs)        003A60
_COMMAND                       bssBANK0     0000F9
_COMMAND_WR                    bssBANK0     0000FA
_COMMAND_WRITE_NUMBER          bssBANK0     0000F5
_DEFAULT_ISR                   text48       004F78
_GetStringSize                 text33       004D34
_I2C1ADB1                      (abs)        003D6E
_I2C1CLK                       (abs)        003D7B
_I2C1CNT                       (abs)        003D6C
_I2C1CON0                      (abs)        003D73
_I2C1CON0bits                  (abs)        003D73
_I2C1CON1                      (abs)        003D74
_I2C1CON2                      (abs)        003D75
_I2C1ERR                       (abs)        003D76
_I2C1PIEbits                   (abs)        003D7A
_I2C1PIR                       (abs)        003D79
_I2C1PIRbits                   (abs)        003D79
_I2C1RXB                       (abs)        003D6A
_I2C1SCLPPS                    (abs)        003AE1
_I2C1SDAPPS                    (abs)        003AE2
_I2C1STAT0bits                 (abs)        003D77
_I2C1TXB                       (abs)        003D6B
_I2C_GENERAL_ISR               text47       004F40
_I2C_Init                      text37       004A5A
_I2C_RX_BUFFER                 bssBANK0     0000D3
_I2C_RX_COUNTER                bssCOMRAM    000048
_I2C_RX_ISR                    text46       004F28
_I2C_STOP_DETECTED             bssBANK0     0000F8
_I2C_TX_BUFFER                 bssBANK0     0000DD
_I2C_TX_COUNTER                bssCOMRAM    000049
_I2C_TX_ISR                    text45       004F10
_I2C_Transmit                  text32       00460E
_I2C_handler                   text31       004E70
_INTCON0bits                   (abs)        003FD2
_IPR1bits                      (abs)        003981
_IPR2bits                      (abs)        003982
_IPR3bits                      (abs)        003983
_IVTLOCK                       (abs)        003FD4
_LATAbits                      (abs)        003FBA
_LATBbits                      (abs)        003FBB
_ODCONBbits                    (abs)        003A52
_OSCEN                         (abs)        0039DD
_OSCFRQ                        (abs)        0039DF
_OSCSTATbits                   (abs)        0039DC
_OSCTUNE                       (abs)        0039DE
_PIE1bits                      (abs)        003991
_PIE2bits                      (abs)        003992
_PIE3bits                      (abs)        003993
_PIR1bits                      (abs)        0039A1
_PIR2bits                      (abs)        0039A2
_PIR3                          (abs)        0039A3
_PIR3bits                      (abs)        0039A3
_PPSLOCKbits                   (abs)        003ABF
_RB0PPS                        (abs)        003A08
_RB1I2C                        (abs)        003A5A
_RB1PPS                        (abs)        003A09
_RC7PPS                        (abs)        003A17
_SLRCONBbits                   (abs)        003A53
_T0CON0                        (abs)        003FB8
_T0CON0bits                    (abs)        003FB8
_T0CON1                        (abs)        003FB9
_TIMER0_ISR                    text39       004C4C
_TMR0H                         (abs)        003FB7
_TMR0L                         (abs)        003FB6
_TRISAbits                     (abs)        003FC2
_TRISBbits                     (abs)        003FC3
_TRISCbits                     (abs)        003FC4
_U1BRGH                        (abs)        003DF6
_U1BRGL                        (abs)        003DF5
_U1CON0                        (abs)        003DF2
_U1CON1                        (abs)        003DF3
_U1CON1bits                    (abs)        003DF3
_U1ERRIE                       (abs)        003DFA
_U1RXB                         (abs)        003DE8
_U1RXPPS                       (abs)        003AE5
_U1TXB                         (abs)        003DEA
_U1UIR                         (abs)        003DF8
_U2CON2                        (abs)        003DDC
_UART1_Init                    text36       0048F6
_UART1_RX_ISR                  text42       004EF8
_UART1_ReceiveCommand          text34       003D64
_UART1_SendByte                text30       004EDE
_UART1_SendString              text29       00474C
_UART1_TX_ISR                  text41       004F68
_UART_handler                  text2        00393C
_WDTCON0                       (abs)        00395B
_WDTCON1                       (abs)        00395C
__CFG_BBEN$OFF                 (abs)        000000
__CFG_BBSIZE$BBSIZE_512        (abs)        000000
__CFG_BOREN$NOSLP              (abs)        000000
__CFG_BORV$VBOR_2P85           (abs)        000000
__CFG_CLKOUTEN$OFF             (abs)        000000
__CFG_CP$OFF                   (abs)        000000
__CFG_CSWEN$OFF                (abs)        000000
__CFG_DEBUG$OFF                (abs)        000000
__CFG_FCMEN$OFF                (abs)        000000
__CFG_FEXTOSC$OFF              (abs)        000000
__CFG_IVT1WAY$ON               (abs)        000000
__CFG_LPBOREN$OFF              (abs)        000000
__CFG_LVP$OFF                  (abs)        000000
__CFG_MCLRE$EXTMCLR            (abs)        000000
__CFG_MVECEN$ON                (abs)        000000
__CFG_PPS1WAY$ON               (abs)        000000
__CFG_PR1WAY$ON                (abs)        000000
__CFG_PWRTS$PWRT_64            (abs)        000000
__CFG_RSTOSC$HFINTOSC_64MHZ    (abs)        000000
__CFG_SAFEN$OFF                (abs)        000000
__CFG_STVREN$ON                (abs)        000000
__CFG_WDTCCS$SC                (abs)        000000
__CFG_WDTCPS$WDTCPS_31         (abs)        000000
__CFG_WDTCWS$WDTCWS_7          (abs)        000000
__CFG_WDTE$OFF                 (abs)        000000
__CFG_WRTAPP$OFF               (abs)        000000
__CFG_WRTB$OFF                 (abs)        000000
__CFG_WRTC$OFF                 (abs)        000000
__CFG_WRTD$OFF                 (abs)        000000
__CFG_WRTSAF$OFF               (abs)        000000
__CFG_XINST$OFF                (abs)        000000
__CFG_ZCD$OFF                  (abs)        000000
__HRAM                         (abs)        000000
__Habs1                        abs1         000000
__Hbank0                       bank0        000000
__Hbank1                       bank1        000000
__Hbank10                      bank10       000000
__Hbank11                      bank11       000000
__Hbank12                      bank12       000000
__Hbank13                      bank13       000000
__Hbank14                      bank14       000000
__Hbank15                      bank15       000000
__Hbank16                      bank16       000000
__Hbank17                      bank17       000000
__Hbank18                      bank18       000000
__Hbank19                      bank19       000000
__Hbank2                       bank2        000000
__Hbank20                      bank20       000000
__Hbank21                      bank21       000000
__Hbank22                      bank22       000000
__Hbank23                      bank23       000000
__Hbank24                      bank24       000000
__Hbank25                      bank25       000000
__Hbank26                      bank26       000000
__Hbank27                      bank27       000000
__Hbank28                      bank28       000000
__Hbank29                      bank29       000000
__Hbank3                       bank3        000000
__Hbank30                      bank30       000000
__Hbank31                      bank31       000000
__Hbank4                       bank4        000000
__Hbank5                       bank5        000000
__Hbank6                       bank6        000000
__Hbank7                       bank7        000000
__Hbank8                       bank8        000000
__Hbank9                       bank9        000000
__Hbigbss                      bigbss       000000
__Hbigdata                     bigdata      000000
__Hbigram                      bigram       000000
__Hbss                         bss          000000
__HbssBANK0                    bssBANK0     000000
__HbssBANK1                    bssBANK1     000000
__HbssCOMRAM                   bssCOMRAM    000000
__Hcinit                       cinit        000000
__Hclrtext                     clrtext      000000
__Hcomram                      comram       000000
__Hconfig                      config       30000A
__Hconst                       const        000000
__HcstackBANK0                 cstackBANK0  000000
__HcstackBANK1                 cstackBANK1  000000
__HcstackCOMRAM                cstackCOMRAM 000000
__Hdata                        data         000000
__HdataBANK0                   dataBANK0    000000
__HdataCOMRAM                  dataCOMRAM   000000
__Heeprom_data                 eeprom_data  000000
__Hfarbss                      farbss       000000
__Hfardata                     fardata      000000
__Hibigdata                    ibigdata     000000
__Hidata                       idata        000000
__HidataBANK0                  idataBANK0   000000
__HidataCOMRAM                 idataCOMRAM  000000
__Hidloc                       idloc        200010
__Hifardata                    ifardata     000000
__Hinit                        init         0000B2
__Hintsave_regs                intsave_regs 000000
__Hirdata                      irdata       000000
__Hivt0x8                      ivt0x8       0000AE
__Hmediumconst                 mediumconst  000000
__HnvFARRAM                    nvFARRAM     000000
__Hnvbit                       nvbit        000000
__Hnvrram                      nvrram       000000
__Hparam                       rparam       000000
__Hpowerup                     powerup      000000
__Hram                         ram          000000
__Hramtop                      ramtop       002000
__Hrbit                        rbit         000000
__Hrbss                        rbss         000000
__Hrdata                       rdata        000000
__Hreset_vec                   reset_vec    000004
__Hrparam                      rparam       000000
__Hsfr                         sfr          000000
__Hsmallconst                  smallconst   0020AC
__Hspace_0                     (abs)        30000A
__Hspace_1                     (abs)        0001B1
__Hspace_2                     (abs)        000000
__Hstack                       stack        000000
__Hstruct                      struct       000000
__Htemp                        temp         000000
__Htext                        text         000000
__Htext0                       text0        000000
__Htext1                       text1        000000
__Htext10                      text10       000000
__Htext11                      text11       000000
__Htext12                      text12       000000
__Htext13                      text13       000000
__Htext14                      text14       000000
__Htext15                      text15       000000
__Htext16                      text16       000000
__Htext17                      text17       000000
__Htext18                      text18       000000
__Htext19                      text19       000000
__Htext2                       text2        000000
__Htext20                      text20       000000
__Htext21                      text21       000000
__Htext22                      text22       000000
__Htext23                      text23       000000
__Htext24                      text24       000000
__Htext25                      text25       000000
__Htext26                      text26       000000
__Htext27                      text27       000000
__Htext28                      text28       000000
__Htext29                      text29       000000
__Htext3                       text3        000000
__Htext30                      text30       000000
__Htext31                      text31       000000
__Htext32                      text32       000000
__Htext33                      text33       000000
__Htext34                      text34       000000
__Htext35                      text35       000000
__Htext36                      text36       000000
__Htext37                      text37       000000
__Htext38                      text38       000000
__Htext39                      text39       000000
__Htext4                       text4        000000
__Htext40                      text40       000000
__Htext41                      text41       000000
__Htext42                      text42       000000
__Htext43                      text43       000000
__Htext44                      text44       000000
__Htext45                      text45       000000
__Htext46                      text46       000000
__Htext47                      text47       000000
__Htext48                      text48       000000
__Htext5                       text5        000000
__Htext6                       text6        000000
__Htext7                       text7        000000
__Htext8                       text8        000000
__Htext9                       text9        000000
__LRAM                         (abs)        000001
__Labs1                        abs1         000000
__Lbank0                       bank0        000000
__Lbank1                       bank1        000000
__Lbank10                      bank10       000000
__Lbank11                      bank11       000000
__Lbank12                      bank12       000000
__Lbank13                      bank13       000000
__Lbank14                      bank14       000000
__Lbank15                      bank15       000000
__Lbank16                      bank16       000000
__Lbank17                      bank17       000000
__Lbank18                      bank18       000000
__Lbank19                      bank19       000000
__Lbank2                       bank2        000000
__Lbank20                      bank20       000000
__Lbank21                      bank21       000000
__Lbank22                      bank22       000000
__Lbank23                      bank23       000000
__Lbank24                      bank24       000000
__Lbank25                      bank25       000000
__Lbank26                      bank26       000000
__Lbank27                      bank27       000000
__Lbank28                      bank28       000000
__Lbank29                      bank29       000000
__Lbank3                       bank3        000000
__Lbank30                      bank30       000000
__Lbank31                      bank31       000000
__Lbank4                       bank4        000000
__Lbank5                       bank5        000000
__Lbank6                       bank6        000000
__Lbank7                       bank7        000000
__Lbank8                       bank8        000000
__Lbank9                       bank9        000000
__Lbigbss                      bigbss       000000
__Lbigdata                     bigdata      000000
__Lbigram                      bigram       000000
__Lbss                         bss          000000
__LbssBANK0                    bssBANK0     000000
__LbssBANK1                    bssBANK1     000000
__LbssCOMRAM                   bssCOMRAM    000000
__Lcinit                       cinit        000000
__Lclrtext                     clrtext      000000
__Lcomram                      comram       000000
__Lconfig                      config       300000
__Lconst                       const        000000
__LcstackBANK0                 cstackBANK0  000000
__LcstackBANK1                 cstackBANK1  000000
__LcstackCOMRAM                cstackCOMRAM 000000
__Ldata                        data         000000
__LdataBANK0                   dataBANK0    000000
__LdataCOMRAM                  dataCOMRAM   000000
__Leeprom_data                 eeprom_data  000000
__Lfarbss                      farbss       000000
__Lfardata                     fardata      000000
__Libigdata                    ibigdata     000000
__Lidata                       idata        000000
__LidataBANK0                  idataBANK0   000000
__LidataCOMRAM                 idataCOMRAM  000000
__Lidloc                       idloc        200000
__Lifardata                    ifardata     000000
__Linit                        init         0000AE
__Lintsave_regs                intsave_regs 000000
__Lirdata                      irdata       000000
__Livt0x8                      ivt0x8       000008
__Lmediumconst                 mediumconst  000000
__LnvFARRAM                    nvFARRAM     000000
__Lnvbit                       nvbit        000000
__Lnvrram                      nvrram       000000
__Lparam                       rparam       000000
__Lpowerup                     powerup      000000
__Lram                         ram          000000
__Lramtop                      ramtop       002000
__Lrbit                        rbit         000000
__Lrbss                        rbss         000000
__Lrdata                       rdata        000000
__Lreset_vec                   reset_vec    000000
__Lrparam                      rparam       000000
__Lsfr                         sfr          000000
__Lsmallconst                  smallconst   002000
__Lspace_0                     (abs)        000000
__Lspace_1                     (abs)        000000
__Lspace_2                     (abs)        000000
__Lstack                       stack        000000
__Lstruct                      struct       000000
__Ltemp                        temp         000000
__Ltext                        text         000000
__Ltext0                       text0        000000
__Ltext1                       text1        000000
__Ltext10                      text10       000000
__Ltext11                      text11       000000
__Ltext12                      text12       000000
__Ltext13                      text13       000000
__Ltext14                      text14       000000
__Ltext15                      text15       000000
__Ltext16                      text16       000000
__Ltext17                      text17       000000
__Ltext18                      text18       000000
__Ltext19                      text19       000000
__Ltext2                       text2        000000
__Ltext20                      text20       000000
__Ltext21                      text21       000000
__Ltext22                      text22       000000
__Ltext23                      text23       000000
__Ltext24                      text24       000000
__Ltext25                      text25       000000
__Ltext26                      text26       000000
__Ltext27                      text27       000000
__Ltext28                      text28       000000
__Ltext29                      text29       000000
__Ltext3                       text3        000000
__Ltext30                      text30       000000
__Ltext31                      text31       000000
__Ltext32                      text32       000000
__Ltext33                      text33       000000
__Ltext34                      text34       000000
__Ltext35                      text35       000000
__Ltext36                      text36       000000
__Ltext37                      text37       000000
__Ltext38                      text38       000000
__Ltext39                      text39       000000
__Ltext4                       text4        000000
__Ltext40                      text40       000000
__Ltext41                      text41       000000
__Ltext42                      text42       000000
__Ltext43                      text43       000000
__Ltext44                      text44       000000
__Ltext45                      text45       000000
__Ltext46                      text46       000000
__Ltext47                      text47       000000
__Ltext48                      text48       000000
__Ltext5                       text5        000000
__Ltext6                       text6        000000
__Ltext7                       text7        000000
__Ltext8                       text8        000000
__Ltext9                       text9        000000
__S0                           (abs)        30000A
__S1                           (abs)        0001B1
__S2                           (abs)        000000
___awdiv                       text27       00486E
___awdiv@counter               cstackCOMRAM 000018
___awdiv@dividend              cstackCOMRAM 000014
___awdiv@divisor               cstackCOMRAM 000016
___awdiv@quotient              cstackCOMRAM 00001A
___awdiv@sign                  cstackCOMRAM 000019
___awmod                       text26       004978
___awmod@counter               cstackCOMRAM 000018
___awmod@dividend              cstackCOMRAM 000014
___awmod@divisor               cstackCOMRAM 000016
___awmod@sign                  cstackCOMRAM 000019
___fladd                       text20       003348
___fladd@a                     cstackCOMRAM 000018
___fladd@aexp                  cstackCOMRAM 000021
___fladd@b                     cstackCOMRAM 000014
___fladd@bexp                  cstackCOMRAM 000022
___fladd@grs                   cstackCOMRAM 000023
___fladd@signs                 cstackCOMRAM 000020
___fldiv                       text25       003690
___fldiv@a                     cstackCOMRAM 000018
___fldiv@aexp                  cstackCOMRAM 00002C
___fldiv@b                     cstackCOMRAM 000014
___fldiv@bexp                  cstackCOMRAM 00002B
___fldiv@grs                   cstackCOMRAM 000027
___fldiv@new_exp               cstackCOMRAM 000025
___fldiv@rem                   cstackCOMRAM 000020
___fldiv@sign                  cstackCOMRAM 000024
___fleq                        text24       0047E4
___fleq@ff1                    cstackCOMRAM 000014
___fleq@ff2                    cstackCOMRAM 000018
___flge                        text23       004194
___flge@ff1                    cstackCOMRAM 00002D
___flge@ff2                    cstackCOMRAM 000031
___flmul                       text22       002C02
___flmul@a                     cstackCOMRAM 000018
___flmul@aexp                  cstackCOMRAM 000021
___flmul@b                     cstackCOMRAM 000014
___flmul@bexp                  cstackCOMRAM 000026
___flmul@grs                   cstackCOMRAM 000022
___flmul@prod                  cstackCOMRAM 000027
___flmul@sign                  cstackCOMRAM 000020
___flmul@temp                  cstackCOMRAM 00002B
___flneg                       text21       004D70
___flneg@f1                    cstackCOMRAM 000014
___flsub                       text19       004BEE
___flsub@a                     cstackCOMRAM 000031
___flsub@b                     cstackCOMRAM 00002D
___fltol                       text18       004332
___fltol@exp1                  cstackCOMRAM 00001D
___fltol@f1                    cstackCOMRAM 000014
___fltol@sign1                 cstackCOMRAM 00001C
___fpclassifyf                 text17       0040A8
___fpclassifyf@F463            bssCOMRAM    00003D
___fpclassifyf@e               cstackCOMRAM 00001C
___fpclassifyf@u               cstackCOMRAM 00001E
___fpclassifyf@x               cstackCOMRAM 000014
___inthi_sp                    stack        000000
___intlo_sp                    stack        000000
___param_bank                  (abs)        000000
___rparam_used                 (abs)        000001
___sp                          stack        000000
___wmul                        text35       004E42
___wmul@multiplicand           cstackCOMRAM 000016
___wmul@multiplier             cstackCOMRAM 000014
___wmul@product                cstackCOMRAM 000018
___xxtofl                      text44       003F44
___xxtofl@arg                  cstackCOMRAM 00000C
___xxtofl@exp                  cstackCOMRAM 00000B
___xxtofl@sign                 cstackCOMRAM 00000A
___xxtofl@val                  cstackCOMRAM 000002
__accesstop                    (abs)        000060
__activetblptr                 (abs)        000003
__end_of_ADC_ISR               text43       00474C
__end_of_ADC_Init              text38       004EBE
__end_of_ADC_Start             text40       004F66
__end_of_DEFAULT_ISR           text48       004F7A
__end_of_GetStringSize         text33       004D70
__end_of_I2C_GENERAL_ISR       text47       004F54
__end_of_I2C_Init              text37       004AC6
__end_of_I2C_RX_ISR            text46       004F3E
__end_of_I2C_TX_ISR            text45       004F26
__end_of_I2C_Transmit          text32       0046B0
__end_of_I2C_handler           text31       004E9C
__end_of_TIMER0_ISR            text39       004CA2
__end_of_UART1_Init            text36       004978
__end_of_UART1_RX_ISR          text42       004F0E
__end_of_UART1_ReceiveCommand  text34       003F44
__end_of_UART1_SendByte        text30       004EF6
__end_of_UART1_SendString      text29       0047E4
__end_of_UART1_TX_ISR          text41       004F74
__end_of_UART_handler          text2        003B68
__end_of___awdiv               text27       0048F6
__end_of___awmod               text26       0049EC
__end_of___fladd               text20       003690
__end_of___fldiv               text25       00393C
__end_of___fleq                text24       00486E
__end_of___flge                text23       004264
__end_of___flmul               text22       002FB4
__end_of___flneg               text21       004DA6
__end_of___flsub               text19       004C4C
__end_of___fltol               text18       0043FC
__end_of___fpclassifyf         text17       004194
__end_of___wmul                text35       004E70
__end_of___xxtofl              text44       0040A8
__end_of__initialization       cinit        004BE8
__end_of_efgtoa                text7        002C02
__end_of_floorf                text16       003D64
__end_of_fputc                 text14       00460E
__end_of_fputs                 text13       004D34
__end_of_isupper               text9        004E10
__end_of_main                  text0        0044AE
__end_of_memset                text28       004DDC
__end_of_pad                   text11       004560
__end_of_putch                 text15       004F76
__end_of_sprintf               text3        004B90
__end_of_strcpy                text10       004B2E
__end_of_strlen                text12       004E42
__end_of_strncmp               text6        004332
__end_of_timer0_init           text1        004EDE
__end_of_tolower               text8        004CF6
__end_of_vfpfcnvrt             text5        003348
__end_of_vfprintf              text4        004A5A
__initialization               cinit        004B90
__mediumconst                  mediumconst  000000
__pbssBANK0                    bssBANK0     0000D3
__pbssBANK1                    bssBANK1     000100
__pbssCOMRAM                   bssCOMRAM    00003D
__pcinit                       cinit        004B90
__pcstackBANK0                 cstackBANK0  000060
__pcstackBANK1                 cstackBANK1  0001A7
__pcstackCOMRAM                cstackCOMRAM 000001
__pdataBANK0                   dataBANK0    0000FD
__pdataCOMRAM                  dataCOMRAM   00004C
__pidataBANK0                  idataBANK0   004F7B
__pidataCOMRAM                 idataCOMRAM  004F7A
__pivt0x8                      ivt0x8       000008
__psmallconst                  smallconst   002000
__ptext0                       text0        0043FC
__ptext1                       text1        004EBE
__ptext10                      text10       004AC6
__ptext11                      text11       0044AE
__ptext12                      text12       004E10
__ptext13                      text13       004CF6
__ptext14                      text14       004560
__ptext15                      text15       004F74
__ptext16                      text16       003B68
__ptext17                      text17       0040A8
__ptext18                      text18       004332
__ptext19                      text19       004BEE
__ptext2                       text2        00393C
__ptext20                      text20       003348
__ptext21                      text21       004D70
__ptext22                      text22       002C02
__ptext23                      text23       004194
__ptext24                      text24       0047E4
__ptext25                      text25       003690
__ptext26                      text26       004978
__ptext27                      text27       00486E
__ptext28                      text28       004DA6
__ptext29                      text29       00474C
__ptext3                       text3        004B2E
__ptext30                      text30       004EDE
__ptext31                      text31       004E70
__ptext32                      text32       00460E
__ptext33                      text33       004D34
__ptext34                      text34       003D64
__ptext35                      text35       004E42
__ptext36                      text36       0048F6
__ptext37                      text37       004A5A
__ptext38                      text38       004E9C
__ptext39                      text39       004C4C
__ptext4                       text4        0049EC
__ptext40                      text40       004F54
__ptext41                      text41       004F68
__ptext42                      text42       004EF8
__ptext43                      text43       0046B0
__ptext44                      text44       003F44
__ptext45                      text45       004F10
__ptext46                      text46       004F28
__ptext47                      text47       004F40
__ptext48                      text48       004F78
__ptext5                       text5        002FB4
__ptext6                       text6        004264
__ptext7                       text7        0020AC
__ptext8                       text8        004CA2
__ptext9                       text9        004DDC
__ramtop                       ramtop       002000
__size_of_ADC_ISR              (abs)        000000
__size_of_ADC_Init             (abs)        000000
__size_of_ADC_Start            (abs)        000000
__size_of_DEFAULT_ISR          (abs)        000000
__size_of_GetStringSize        (abs)        000000
__size_of_I2C_GENERAL_ISR      (abs)        000000
__size_of_I2C_Init             (abs)        000000
__size_of_I2C_RX_ISR           (abs)        000000
__size_of_I2C_TX_ISR           (abs)        000000
__size_of_I2C_Transmit         (abs)        000000
__size_of_I2C_handler          (abs)        000000
__size_of_TIMER0_ISR           (abs)        000000
__size_of_UART1_Init           (abs)        000000
__size_of_UART1_RX_ISR         (abs)        000000
__size_of_UART1_ReceiveCommand (abs)        000000
__size_of_UART1_SendByte       (abs)        000000
__size_of_UART1_SendString     (abs)        000000
__size_of_UART1_TX_ISR         (abs)        000000
__size_of_UART_handler         (abs)        000000
__size_of___awdiv              (abs)        000000
__size_of___awmod              (abs)        000000
__size_of___fladd              (abs)        000000
__size_of___fldiv              (abs)        000000
__size_of___fleq               (abs)        000000
__size_of___flge               (abs)        000000
__size_of___flmul              (abs)        000000
__size_of___flneg              (abs)        000000
__size_of___flsub              (abs)        000000
__size_of___fltol              (abs)        000000
__size_of___fpclassifyf        (abs)        000000
__size_of___wmul               (abs)        000000
__size_of___xxtofl             (abs)        000000
__size_of_efgtoa               (abs)        000000
__size_of_floorf               (abs)        000000
__size_of_fputc                (abs)        000000
__size_of_fputs                (abs)        000000
__size_of_isupper              (abs)        000000
__size_of_main                 (abs)        000000
__size_of_memset               (abs)        000000
__size_of_pad                  (abs)        000000
__size_of_putch                (abs)        000000
__size_of_sprintf              (abs)        000000
__size_of_strcpy               (abs)        000000
__size_of_strlen               (abs)        000000
__size_of_strncmp              (abs)        000000
__size_of_timer0_init          (abs)        000000
__size_of_tolower              (abs)        000000
__size_of_vfpfcnvrt            (abs)        000000
__size_of_vfprintf             (abs)        000000
__smallconst                   smallconst   002000
_counter_timer0                bssCOMRAM    000047
_dbuf                          bssBANK1     000120
_efgtoa                        text7        0020AC
_efgtoa$1655                   cstackBANK0  00007A
_efgtoa$1656                   cstackBANK0  00007C
_efgtoa$1661                   cstackBANK0  00007E
_efgtoa$1665                   cstackBANK0  000080
_efgtoa$1666                   cstackBANK0  000082
_efgtoa$1667                   cstackBANK0  000084
_flags                         bssCOMRAM    000045
_floorf                        text16       003B68
_fputc                         text14       004560
_fputs                         text13       004CF6
_isupper                       text9        004DDC
_led_enable                    bssBANK0     0000F7
_main                          text0        0043FC
_measur_vol_or_cur             dataCOMRAM   00004C
_memset                        text28       004DA6
_nout                          bssBANK0     0000F3
_pad                           text11       0044AE
_prec                          bssCOMRAM    000043
_putch                         text15       004F74
_rx_buffer                     bssBANK1     000100
_rx_counter                    bssCOMRAM    00004B
_sprintf                       text3        004B2E
_strcpy                        text10       004AC6
_strlen                        text12       004E10
_strncmp                       text6        004264
_timer0_init                   text1        004EBE
_tolower                       text8        004CA2
_tolower$2239                  cstackCOMRAM 000020
_tx_buffer                     bssBANK1     000170
_tx_byte                       bssCOMRAM    00004A
_vfpfcnvrt                     text5        002FB4
_vfpfcnvrt$1684                cstackBANK0  0000B4
_vfprintf                      text4        0049EC
_width                         bssCOMRAM    000041
efgtoa@c                       cstackBANK0  000070
efgtoa@d                       cstackBANK0  00008E
efgtoa@e                       cstackBANK0  0000A6
efgtoa@f                       cstackBANK0  00006C
efgtoa@fp                      cstackBANK0  00006A
efgtoa@g                       cstackBANK0  0000A2
efgtoa@h                       cstackBANK0  000098
efgtoa@i                       cstackBANK0  0000A0
efgtoa@l                       cstackBANK0  00009C
efgtoa@m                       cstackBANK0  00008A
efgtoa@mode                    cstackBANK0  000097
efgtoa@n                       cstackBANK0  0000A8
efgtoa@ne                      cstackBANK0  00008C
efgtoa@nmode                   cstackBANK0  000094
efgtoa@ou                      cstackBANK0  000076
efgtoa@p                       cstackBANK0  000092
efgtoa@pp                      cstackBANK0  000088
efgtoa@sign                    cstackBANK0  000090
efgtoa@t                       cstackBANK0  000086
efgtoa@u                       cstackBANK0  0000AA
efgtoa@w                       cstackBANK0  000095
end_of_initialization          cinit        004BE8
floorf@F524                    bssBANK0     0000E7
floorf@e                       cstackBANK0  000064
floorf@m                       cstackBANK0  000060
floorf@u                       cstackBANK0  000066
floorf@x                       cstackCOMRAM 00002D
fputc@c                        cstackCOMRAM 000014
fputc@fp                       cstackCOMRAM 000016
fputs@c                        cstackCOMRAM 000021
fputs@fp                       cstackCOMRAM 00001F
fputs@i                        cstackCOMRAM 000022
fputs@s                        cstackCOMRAM 00001D
intlevel0                      text         000000
intlevel1                      text         000000
intlevel2                      text         000000
intlevel3                      text         000000
isupper@c                      cstackCOMRAM 000014
ivt0x8_base                    ivt0x8       000008
ivt0x8_undefint                ivt0x8       0000AC
main@receive_command           cstackBANK0  0000D2
memset@i                       cstackCOMRAM 00001A
memset@size                    cstackCOMRAM 000017
memset@st                      cstackCOMRAM 000014
memset@x                       cstackCOMRAM 000016
pad@buf                        cstackCOMRAM 000026
pad@fp                         cstackCOMRAM 000024
pad@i                          cstackCOMRAM 00002B
pad@p                          cstackCOMRAM 000028
pad@w                          cstackCOMRAM 00002D
sprintf@ap                     cstackBANK1  0001A9
sprintf@f                      cstackBANK1  0001AB
sprintf@fmt                    cstackBANK0  0000C8
sprintf@s                      cstackBANK0  0000C6
stackhi                        (abs)        001FFF
stacklo                        (abs)        0001B1
start                          init         0000AE
start_initialization           cinit        004B90
strcpy@d                       cstackCOMRAM 00001C
strcpy@dest                    cstackCOMRAM 000014
strcpy@s                       cstackCOMRAM 00001A
strcpy@src                     cstackCOMRAM 000016
strlen@a                       cstackCOMRAM 000016
strlen@s                       cstackCOMRAM 000014
strncmp@_l                     cstackCOMRAM 000014
strncmp@_r                     cstackCOMRAM 000016
strncmp@l                      cstackCOMRAM 00001B
strncmp@n                      cstackCOMRAM 000018
strncmp@r                      cstackCOMRAM 00001D
tolower@c                      cstackCOMRAM 00001A
vfpfcnvrt@ap                   cstackBANK0  0000B2
vfpfcnvrt@c                    cstackBANK0  0000BD
vfpfcnvrt@ct                   cstackBANK0  0000BA
vfpfcnvrt@f                    cstackBANK0  0000B6
vfpfcnvrt@fmt                  cstackBANK0  0000B0
vfpfcnvrt@fp                   cstackBANK0  0000AE
vfprintf@ap                    cstackBANK0  0000C2
vfprintf@cfmt                  cstackBANK0  0000C4
vfprintf@fmt                   cstackBANK0  0000C0
vfprintf@fp                    cstackBANK0  0000BE


FUNCTION INFORMATION:

 *************** function _main *****************
 Defined at:
		line 127 in file "main.c"
 Parameters:    Size  Location     Type
		None
 Auto vars:     Size  Location     Type
  receive_comm    1  114[BANK0 ] unsigned char 
 Return value:  Size  Location     Type
                  1    wreg      void 
 Registers used:
		wreg, fsr1l, fsr1h, fsr2l, fsr2h, status,2, status,0, tblptrl, tblptrh, tblptru, prodl, prodh, cstack
 Tracked objects:
		On entry : 
		On exit  : 
		Unchanged: 
 Data sizes:     COMRAM   BANK0   BANK1   BANK2   BANK3   BANK4   BANK5   BANK6   BANK7   BANK8   BANK9  BANK10  BANK11  BANK12  BANK13  BANK14  BANK15  BANK16  BANK17  BANK18  BANK19  BANK20  BANK21  BANK22  BANK23  BANK24  BANK25  BANK26  BANK27  BANK28  BANK29  BANK30  BANK31
      Params:         0       0       0       0       0       0       0       0       0       0       0       0       0       0       0       0       0       0       0       0       0       0       0       0       0       0       0       0       0       0       0       0       0
      Locals:         0       1       0       0       0       0       0       0       0       0       0       0       0       0       0       0       0       0       0       0       0       0       0       0       0       0       0       0       0       0       0       0       0
      Temps:          0       2       0       0       0       0       0       0       0       0       0       0       0       0       0       0       0       0       0       0       0       0       0       0       0       0       0       0       0       0       0       0       0
      Totals:         0       3       0       0       0       0       0       0       0       0       0       0       0       0       0       0       0       0       0       0       0       0       0       0       0       0       0       0       0       0       0       0       0
Total ram usage:        3 bytes
 Hardware stack levels required when called:   11
 This function calls:
		_ADC_Init
		_I2C_Init
		_I2C_Transmit
		_UART1_Init
		_UART1_ReceiveCommand
		_UART_handler
		_timer0_init
 This function is called by:
		Startup code after reset
 This function uses a non-reentrant model


 *************** function _timer0_init *****************
 Defined at:
		line 238 in file "main.c"
 Parameters:    Size  Location     Type
		None
 Auto vars:     Size  Location     Type
		None
 Return value:  Size  Location     Type
                  1    wreg      void 
 Registers used:
		wreg, status,2
 Tracked objects:
		On entry : 
		On exit  : 
		Unchanged: 
 Data sizes:     COMRAM   BANK0   BANK1   BANK2   BANK3   BANK4   BANK5   BANK6   BANK7   BANK8   BANK9  BANK10  BANK11  BANK12  BANK13  BANK14  BANK15  BANK16  BANK17  BANK18  BANK19  BANK20  BANK21  BANK22  BANK23  BANK24  BANK25  BANK26  BANK27  BANK28  BANK29  BANK30  BANK31
      Params:         0       0       0       0       0       0       0       0       0       0       0       0       0       0       0       0       0       0       0       0       0       0       0       0       0       0       0       0       0       0       0       0       0
      Locals:         0       0       0       0       0       0       0       0       0       0       0       0       0       0       0       0       0       0       0       0       0       0       0       0       0       0       0       0       0       0       0       0       0
      Temps:          0       0       0       0       0       0       0       0       0       0       0       0       0       0       0       0       0       0       0       0       0       0       0       0       0       0       0       0       0       0       0       0       0
      Totals:         0       0       0       0       0       0       0       0       0       0       0       0       0       0       0       0       0       0       0       0       0       0       0       0       0       0       0       0       0       0       0       0       0
Total ram usage:        0 bytes
 Hardware stack levels used:    1
 Hardware stack levels required when called:    2
 This function calls:
		Nothing
 This function is called by:
		_main
 This function uses a non-reentrant model


 *************** function _UART_handler *****************
 Defined at:
		line 189 in file "main.c"
 Parameters:    Size  Location     Type
		None
 Auto vars:     Size  Location     Type
		None
 Return value:  Size  Location     Type
                  1    wreg      void 
 Registers used:
		wreg, fsr1l, fsr1h, fsr2l, fsr2h, status,2, status,0, tblptrl, tblptrh, tblptru, prodl, prodh, cstack
 Tracked objects:
		On entry : 
		On exit  : 
		Unchanged: 
 Data sizes:     COMRAM   BANK0   BANK1   BANK2   BANK3   BANK4   BANK5   BANK6   BANK7   BANK8   BANK9  BANK10  BANK11  BANK12  BANK13  BANK14  BANK15  BANK16  BANK17  BANK18  BANK19  BANK20  BANK21  BANK22  BANK23  BANK24  BANK25  BANK26  BANK27  BANK28  BANK29  BANK30  BANK31
      Params:         0       0       0       0       0       0       0       0       0       0       0       0       0       0       0       0       0       0       0       0       0       0       0       0       0       0       0       0       0       0       0       0       0
      Locals:         0       0       0       0       0       0       0       0       0       0       0       0       0       0       0       0       0       0       0       0       0       0       0       0       0       0       0       0       0       0       0       0       0
      Temps:          0       2       0       0       0       0       0       0       0       0       0       0       0       0       0       0       0       0       0       0       0       0       0       0       0       0       0       0       0       0       0       0       0
      Totals:         0       2       0       0       0       0       0       0       0       0       0       0       0       0       0       0       0       0       0       0       0       0       0       0       0       0       0       0       0       0       0       0       0
Total ram usage:        2 bytes
 Hardware stack levels used:    1
 Hardware stack levels required when called:   10
 This function calls:
		_GetStringSize
		_I2C_handler
		_UART1_SendString
		___flmul
		_memset
		_sprintf
 This function is called by:
		_main
 This function uses a non-reentrant model


 *************** function _sprintf *****************
 Defined at:
		line 9 in file "/opt/microchip/xc8/v2.05/pic/sources/c99/common/nf_sprintf.c"
 Parameters:    Size  Location     Type
  s               2  102[BANK0 ] PTR unsigned char 
		 -> tx_buffer(55), 
  fmt             2  104[BANK0 ] PTR const unsigned char 
		 -> STR_9(24), STR_8(19), STR_7(13), STR_6(21), 
		 -> STR_5(20), STR_4(24), STR_3(51), STR_2(3), 
		 -> STR_1(3), 
 Auto vars:     Size  Location     Type
  f               6    4[BANK1 ] struct _IO_FILE
  ap              2    2[BANK1 ] PTR void [1]
		 -> ?_sprintf(2), 
  ret             2    0        int 
 Return value:  Size  Location     Type
                  2  102[BANK0 ] int 
 Registers used:
		wreg, fsr1l, fsr1h, fsr2l, fsr2h, status,2, status,0, tblptrl, tblptrh, tblptru, prodl, prodh, cstack
 Tracked objects:
		On entry : 
		On exit  : 
		Unchanged: 
 Data sizes:     COMRAM   BANK0   BANK1   BANK2   BANK3   BANK4   BANK5   BANK6   BANK7   BANK8   BANK9  BANK10  BANK11  BANK12  BANK13  BANK14  BANK15  BANK16  BANK17  BANK18  BANK19  BANK20  BANK21  BANK22  BANK23  BANK24  BANK25  BANK26  BANK27  BANK28  BANK29  BANK30  BANK31
      Params:         0       8       0       0       0       0       0       0       0       0       0       0       0       0       0       0       0       0       0       0       0       0       0       0       0       0       0       0       0       0       0       0       0
      Locals:         0       0      10       0       0       0       0       0       0       0       0       0       0       0       0       0       0       0       0       0       0       0       0       0       0       0       0       0       0       0       0       0       0
      Temps:          0       0       0       0       0       0       0       0       0       0       0       0       0       0       0       0       0       0       0       0       0       0       0       0       0       0       0       0       0       0       0       0       0
      Totals:         0       8      10       0       0       0       0       0       0       0       0       0       0       0       0       0       0       0       0       0       0       0       0       0       0       0       0       0       0       0       0       0       0
Total ram usage:       18 bytes
 Hardware stack levels used:    1
 Hardware stack levels required when called:    9
 This function calls:
		_vfprintf
 This function is called by:
		_UART_handler
 This function uses a non-reentrant model


 *************** function _vfprintf *****************
 Defined at:
		line 1368 in file "/opt/microchip/xc8/v2.05/pic/sources/c99/common/doprnt.c"
 Parameters:    Size  Location     Type
  fp              2   94[BANK0 ] PTR struct _IO_FILE
		 -> sprintf@f(6), 
  fmt             2   96[BANK0 ] PTR const unsigned char 
		 -> STR_9(24), STR_8(19), STR_7(13), STR_6(21), 
		 -> STR_5(20), STR_4(24), STR_3(51), STR_2(3), 
		 -> STR_1(3), 
  ap              2   98[BANK0 ] PTR PTR void 
		 -> sprintf@ap(2), 
 Auto vars:     Size  Location     Type
  cfmt            2  100[BANK0 ] PTR unsigned char 
		 -> STR_9(24), STR_8(19), STR_7(13), STR_6(21), 
		 -> STR_5(20), STR_4(24), STR_3(51), STR_2(3), 
		 -> STR_1(3), 
 Return value:  Size  Location     Type
                  2   94[BANK0 ] int 
 Registers used:
		wreg, fsr1l, fsr1h, fsr2l, fsr2h, status,2, status,0, tblptrl, tblptrh, tblptru, prodl, prodh, cstack
 Tracked objects:
		On entry : 
		On exit  : 
		Unchanged: 
 Data sizes:     COMRAM   BANK0   BANK1   BANK2   BANK3   BANK4   BANK5   BANK6   BANK7   BANK8   BANK9  BANK10  BANK11  BANK12  BANK13  BANK14  BANK15  BANK16  BANK17  BANK18  BANK19  BANK20  BANK21  BANK22  BANK23  BANK24  BANK25  BANK26  BANK27  BANK28  BANK29  BANK30  BANK31
      Params:         0       6       0       0       0       0       0       0       0       0       0       0       0       0       0       0       0       0       0       0       0       0       0       0       0       0       0       0       0       0       0       0       0
      Locals:         0       2       0       0       0       0       0       0       0       0       0       0       0       0       0       0       0       0       0       0       0       0       0       0       0       0       0       0       0       0       0       0       0
      Temps:          0       0       0       0       0       0       0       0       0       0       0       0       0       0       0       0       0       0       0       0       0       0       0       0       0       0       0       0       0       0       0       0       0
      Totals:         0       8       0       0       0       0       0       0       0       0       0       0       0       0       0       0       0       0       0       0       0       0       0       0       0       0       0       0       0       0       0       0       0
Total ram usage:        8 bytes
 Hardware stack levels used:    1
 Hardware stack levels required when called:    8
 This function calls:
		_vfpfcnvrt
 This function is called by:
		_sprintf
 This function uses a non-reentrant model


 *************** function _vfpfcnvrt *****************
 Defined at:
		line 670 in file "/opt/microchip/xc8/v2.05/pic/sources/c99/common/doprnt.c"
 Parameters:    Size  Location     Type
  fp              2   78[BANK0 ] PTR struct _IO_FILE
		 -> sprintf@f(6), 
  fmt             2   80[BANK0 ] PTR PTR unsigned char 
		 -> vfprintf@cfmt(2), 
  ap              2   82[BANK0 ] PTR PTR void 
		 -> sprintf@ap(2), 
 Auto vars:     Size  Location     Type
  llu             8    0        unsigned long long 
  ll              8    0        long long 
  f               4   86[BANK0 ] long long 
  ct              3   90[BANK0 ] unsigned char [3]
  vp              3    0        PTR void 
  cp              3    0        PTR unsigned char 
  i               2    0        int 
  done            2    0        int 
  c               1   93[BANK0 ] unsigned char 
 Return value:  Size  Location     Type
                  2   78[BANK0 ] int 
 Registers used:
		wreg, fsr1l, fsr1h, fsr2l, fsr2h, status,2, status,0, tblptrl, tblptrh, tblptru, prodl, prodh, cstack
 Tracked objects:
		On entry : 
		On exit  : 
		Unchanged: 
 Data sizes:     COMRAM   BANK0   BANK1   BANK2   BANK3   BANK4   BANK5   BANK6   BANK7   BANK8   BANK9  BANK10  BANK11  BANK12  BANK13  BANK14  BANK15  BANK16  BANK17  BANK18  BANK19  BANK20  BANK21  BANK22  BANK23  BANK24  BANK25  BANK26  BANK27  BANK28  BANK29  BANK30  BANK31
      Params:         0       6       0       0       0       0       0       0       0       0       0       0       0       0       0       0       0       0       0       0       0       0       0       0       0       0       0       0       0       0       0       0       0
      Locals:         0      10       0       0       0       0       0       0       0       0       0       0       0       0       0       0       0       0       0       0       0       0       0       0       0       0       0       0       0       0       0       0       0
      Temps:          4       0       0       0       0       0       0       0       0       0       0       0       0       0       0       0       0       0       0       0       0       0       0       0       0       0       0       0       0       0       0       0       0
      Totals:         4      16       0       0       0       0       0       0       0       0       0       0       0       0       0       0       0       0       0       0       0       0       0       0       0       0       0       0       0       0       0       0       0
Total ram usage:       20 bytes
 Hardware stack levels used:    1
 Hardware stack levels required when called:    7
 This function calls:
		_efgtoa
		_fputc
		_isupper
		_strncmp
		_tolower
 This function is called by:
		_vfprintf
 This function uses a non-reentrant model


 *************** function _strncmp *****************
 Defined at:
		line 3 in file "/opt/microchip/xc8/v2.05/pic/sources/c99/common/strncmp.c"
 Parameters:    Size  Location     Type
  _l              2   19[COMRAM] PTR const unsigned char 
		 -> vfpfcnvrt@ct(3), 
  _r              2   21[COMRAM] PTR const unsigned char 
		 -> STR_20(3), 
  n               2   23[COMRAM] unsigned int 
 Auto vars:     Size  Location     Type
  r               2   28[COMRAM] PTR const unsigned char 
		 -> STR_20(3), 
  l               2   26[COMRAM] PTR const unsigned char 
		 -> vfpfcnvrt@ct(3), 
 Return value:  Size  Location     Type
                  2   19[COMRAM] int 
 Registers used:
		wreg, fsr2l, fsr2h, status,2, status,0, tblptrl, tblptrh, tblptru
 Tracked objects:
		On entry : 
		On exit  : 
		Unchanged: 
 Data sizes:     COMRAM   BANK0   BANK1   BANK2   BANK3   BANK4   BANK5   BANK6   BANK7   BANK8   BANK9  BANK10  BANK11  BANK12  BANK13  BANK14  BANK15  BANK16  BANK17  BANK18  BANK19  BANK20  BANK21  BANK22  BANK23  BANK24  BANK25  BANK26  BANK27  BANK28  BANK29  BANK30  BANK31
      Params:         6       0       0       0       0       0       0       0       0       0       0       0       0       0       0       0       0       0       0       0       0       0       0       0       0       0       0       0       0       0       0       0       0
      Locals:         4       0       0       0       0       0       0       0       0       0       0       0       0       0       0       0       0       0       0       0       0       0       0       0       0       0       0       0       0       0       0       0       0
      Temps:          1       0       0       0       0       0       0       0       0       0       0       0       0       0       0       0       0       0       0       0       0       0       0       0       0       0       0       0       0       0       0       0       0
      Totals:        11       0       0       0       0       0       0       0       0       0       0       0       0       0       0       0       0       0       0       0       0       0       0       0       0       0       0       0       0       0       0       0       0
Total ram usage:       11 bytes
 Hardware stack levels used:    1
 Hardware stack levels required when called:    2
 This function calls:
		Nothing
 This function is called by:
		_vfpfcnvrt
 This function uses a non-reentrant model


 *************** function _efgtoa *****************
 Defined at:
		line 319 in file "/opt/microchip/xc8/v2.05/pic/sources/c99/common/doprnt.c"
 Parameters:    Size  Location     Type
  fp              2   10[BANK0 ] PTR struct _IO_FILE
		 -> sprintf@f(6), 
  f               4   12[BANK0 ] PTR struct _IO_FILE
  c               1   16[BANK0 ] unsigned char 
 Auto vars:     Size  Location     Type
  u               4   74[BANK0 ] unsigned char 
  g               4   66[BANK0 ] unsigned char 
  l               4   60[BANK0 ] unsigned char 
  h               4   56[BANK0 ] unsigned char 
  ou              4   22[BANK0 ] unsigned char 
  n               2   72[BANK0 ] int 
  e               2   70[BANK0 ] int 
  i               2   64[BANK0 ] int 
  w               2   53[BANK0 ] int 
  p               2   50[BANK0 ] int 
  sign            2   48[BANK0 ] int 
  d               2   46[BANK0 ] int 
  ne              2   44[BANK0 ] int 
[...]
		Interrupt level 2
 This function uses a non-reentrant model


 *************** function _UART1_RX_ISR *****************
 Defined at:
		line 91 in file "main.c"
 Parameters:    Size  Location     Type
		None
 Auto vars:     Size  Location     Type
		None
 Return value:  Size  Location     Type
                  1    wreg      void 
 Registers used:
		wreg, fsr2l, fsr2h, status,2, status,0
 Tracked objects:
		On entry : 
		On exit  : 
		Unchanged: 
 Data sizes:     COMRAM   BANK0   BANK1   BANK2   BANK3   BANK4   BANK5   BANK6   BANK7   BANK8   BANK9  BANK10  BANK11  BANK12  BANK13  BANK14  BANK15  BANK16  BANK17  BANK18  BANK19  BANK20  BANK21  BANK22  BANK23  BANK24  BANK25  BANK26  BANK27  BANK28  BANK29  BANK30  BANK31
      Params:         0       0       0       0       0       0       0       0       0       0       0       0       0       0       0       0       0       0       0       0       0       0       0       0       0       0       0       0       0       0       0       0       0
      Locals:         0       0       0       0       0       0       0       0       0       0       0       0       0       0       0       0       0       0       0       0       0       0       0       0       0       0       0       0       0       0       0       0       0
      Temps:          0       0       0       0       0       0       0       0       0       0       0       0       0       0       0       0       0       0       0       0       0       0       0       0       0       0       0       0       0       0       0       0       0
      Totals:         0       0       0       0       0       0       0       0       0       0       0       0       0       0       0       0       0       0       0       0       0       0       0       0       0       0       0       0       0       0       0       0       0
Total ram usage:        0 bytes
 Hardware stack levels used:    1
 This function calls:
		Nothing
 This function is called by:
		Interrupt level 2
 This function uses a non-reentrant model


 *************** function _ADC_ISR *****************
 Defined at:
		line 96 in file "main.c"
 Parameters:    Size  Location     Type
		None
 Auto vars:     Size  Location     Type
  adc_result      2   17[COMRAM] int 
 Return value:  Size  Location     Type
                  1    wreg      void 
 Registers used:
		wreg, status,2, status,0, cstack
 Tracked objects:
		On entry : 
		On exit  : 
		Unchanged: 
 Data sizes:     COMRAM   BANK0   BANK1   BANK2   BANK3   BANK4   BANK5   BANK6   BANK7   BANK8   BANK9  BANK10  BANK11  BANK12  BANK13  BANK14  BANK15  BANK16  BANK17  BANK18  BANK19  BANK20  BANK21  BANK22  BANK23  BANK24  BANK25  BANK26  BANK27  BANK28  BANK29  BANK30  BANK31
      Params:         0       0       0       0       0       0       0       0       0       0       0       0       0       0       0       0       0       0       0       0       0       0       0       0       0       0       0       0       0       0       0       0       0
      Locals:         2       0       0       0       0       0       0       0       0       0       0       0       0       0       0       0       0       0       0       0       0       0       0       0       0       0       0       0       0       0       0       0       0
      Temps:          2       0       0       0       0       0       0       0       0       0       0       0       0       0       0       0       0       0       0       0       0       0       0       0       0       0       0       0       0       0       0       0       0
      Totals:         4       0       0       0       0       0       0       0       0       0       0       0       0       0       0       0       0       0       0       0       0       0       0       0       0       0       0       0       0       0       0       0       0
Total ram usage:        4 bytes
 Hardware stack levels used:    1
 Hardware stack levels required when called:    1
 This function calls:
		___xxtofl
 This function is called by:
		Interrupt level 2
 This function uses a non-reentrant model


 *************** function ___xxtofl *****************
 Defined at:
		line 10 in file "/opt/microchip/xc8/v2.05/pic/sources/c99/common/xxtofl.c"
 Parameters:    Size  Location     Type
  sign            1    wreg     unsigned char 
  val             4    1[COMRAM] long 
 Auto vars:     Size  Location     Type
  sign            1    9[COMRAM] unsigned char 
  arg             4   11[COMRAM] unsigned long 
  exp             1   10[COMRAM] unsigned char 
 Return value:  Size  Location     Type
                  4    1[COMRAM] unsigned char 
 Registers used:
		wreg, status,2, status,0
 Tracked objects:
		On entry : 
		On exit  : 
		Unchanged: 
 Data sizes:     COMRAM   BANK0   BANK1   BANK2   BANK3   BANK4   BANK5   BANK6   BANK7   BANK8   BANK9  BANK10  BANK11  BANK12  BANK13  BANK14  BANK15  BANK16  BANK17  BANK18  BANK19  BANK20  BANK21  BANK22  BANK23  BANK24  BANK25  BANK26  BANK27  BANK28  BANK29  BANK30  BANK31
      Params:         4       0       0       0       0       0       0       0       0       0       0       0       0       0       0       0       0       0       0       0       0       0       0       0       0       0       0       0       0       0       0       0       0
      Locals:         6       0       0       0       0       0       0       0       0       0       0       0       0       0       0       0       0       0       0       0       0       0       0       0       0       0       0       0       0       0       0       0       0
      Temps:          4       0       0       0       0       0       0       0       0       0       0       0       0       0       0       0       0       0       0       0       0       0       0       0       0       0       0       0       0       0       0       0       0
      Totals:        14       0       0       0       0       0       0       0       0       0       0       0       0       0       0       0       0       0       0       0       0       0       0       0       0       0       0       0       0       0       0       0       0
Total ram usage:       14 bytes
 Hardware stack levels used:    1
 This function calls:
		Nothing
 This function is called by:
		_ADC_ISR
 This function uses a non-reentrant model


 *************** function _I2C_TX_ISR *****************
 Defined at:
		line 106 in file "main.c"
 Parameters:    Size  Location     Type
		None
 Auto vars:     Size  Location     Type
		None
 Return value:  Size  Location     Type
                  1    wreg      void 
 Registers used:
		wreg, fsr2l, fsr2h, status,2, status,0
 Tracked objects:
		On entry : 
		On exit  : 
		Unchanged: 
 Data sizes:     COMRAM   BANK0   BANK1   BANK2   BANK3   BANK4   BANK5   BANK6   BANK7   BANK8   BANK9  BANK10  BANK11  BANK12  BANK13  BANK14  BANK15  BANK16  BANK17  BANK18  BANK19  BANK20  BANK21  BANK22  BANK23  BANK24  BANK25  BANK26  BANK27  BANK28  BANK29  BANK30  BANK31
      Params:         0       0       0       0       0       0       0       0       0       0       0       0       0       0       0       0       0       0       0       0       0       0       0       0       0       0       0       0       0       0       0       0       0
      Locals:         0       0       0       0       0       0       0       0       0       0       0       0       0       0       0       0       0       0       0       0       0       0       0       0       0       0       0       0       0       0       0       0       0
      Temps:          0       0       0       0       0       0       0       0       0       0       0       0       0       0       0       0       0       0       0       0       0       0       0       0       0       0       0       0       0       0       0       0       0
      Totals:         0       0       0       0       0       0       0       0       0       0       0       0       0       0       0       0       0       0       0       0       0       0       0       0       0       0       0       0       0       0       0       0       0
Total ram usage:        0 bytes
 Hardware stack levels used:    1
 This function calls:
		Nothing
 This function is called by:
		Interrupt level 2
 This function uses a non-reentrant model


 *************** function _I2C_RX_ISR *****************
 Defined at:
		line 110 in file "main.c"
 Parameters:    Size  Location     Type
		None
 Auto vars:     Size  Location     Type
		None
 Return value:  Size  Location     Type
                  1    wreg      void 
 Registers used:
		wreg, fsr2l, fsr2h, status,2, status,0
 Tracked objects:
		On entry : 
		On exit  : 
		Unchanged: 
 Data sizes:     COMRAM   BANK0   BANK1   BANK2   BANK3   BANK4   BANK5   BANK6   BANK7   BANK8   BANK9  BANK10  BANK11  BANK12  BANK13  BANK14  BANK15  BANK16  BANK17  BANK18  BANK19  BANK20  BANK21  BANK22  BANK23  BANK24  BANK25  BANK26  BANK27  BANK28  BANK29  BANK30  BANK31
      Params:         0       0       0       0       0       0       0       0       0       0       0       0       0       0       0       0       0       0       0       0       0       0       0       0       0       0       0       0       0       0       0       0       0
      Locals:         0       0       0       0       0       0       0       0       0       0       0       0       0       0       0       0       0       0       0       0       0       0       0       0       0       0       0       0       0       0       0       0       0
      Temps:          0       0       0       0       0       0       0       0       0       0       0       0       0       0       0       0       0       0       0       0       0       0       0       0       0       0       0       0       0       0       0       0       0
      Totals:         0       0       0       0       0       0       0       0       0       0       0       0       0       0       0       0       0       0       0       0       0       0       0       0       0       0       0       0       0       0       0       0       0
Total ram usage:        0 bytes
 Hardware stack levels used:    1
 This function calls:
		Nothing
 This function is called by:
		Interrupt level 2
 This function uses a non-reentrant model


 *************** function _I2C_GENERAL_ISR *****************
 Defined at:
		line 115 in file "main.c"
 Parameters:    Size  Location     Type
		None
 Auto vars:     Size  Location     Type
		None
 Return value:  Size  Location     Type
                  1    wreg      void 
 Registers used:
		wreg, status,2
 Tracked objects:
		On entry : 
		On exit  : 
		Unchanged: 
 Data sizes:     COMRAM   BANK0   BANK1   BANK2   BANK3   BANK4   BANK5   BANK6   BANK7   BANK8   BANK9  BANK10  BANK11  BANK12  BANK13  BANK14  BANK15  BANK16  BANK17  BANK18  BANK19  BANK20  BANK21  BANK22  BANK23  BANK24  BANK25  BANK26  BANK27  BANK28  BANK29  BANK30  BANK31
      Params:         0       0       0       0       0       0       0       0       0       0       0       0       0       0       0       0       0       0       0       0       0       0       0       0       0       0       0       0       0       0       0       0       0
      Locals:         0       0       0       0       0       0       0       0       0       0       0       0       0       0       0       0       0       0       0       0       0       0       0       0       0       0       0       0       0       0       0       0       0
      Temps:          0       0       0       0       0       0       0       0       0       0       0       0       0       0       0       0       0       0       0       0       0       0       0       0       0       0       0       0       0       0       0       0       0
      Totals:         0       0       0       0       0       0       0       0       0       0       0       0       0       0       0       0       0       0       0       0       0       0       0       0       0       0       0       0       0       0       0       0       0
Total ram usage:        0 bytes
 Hardware stack levels used:    1
 This function calls:
		Nothing
 This function is called by:
		Interrupt level 2
 This function uses a non-reentrant model


 *************** function _DEFAULT_ISR *****************
 Defined at:
		line 121 in file "main.c"
 Parameters:    Size  Location     Type
		None
 Auto vars:     Size  Location     Type
		None
 Return value:  Size  Location     Type
                  1    wreg      void 
 Registers used:
		None
 Tracked objects:
		On entry : 
		On exit  : 
		Unchanged: 
 Data sizes:     COMRAM   BANK0   BANK1   BANK2   BANK3   BANK4   BANK5   BANK6   BANK7   BANK8   BANK9  BANK10  BANK11  BANK12  BANK13  BANK14  BANK15  BANK16  BANK17  BANK18  BANK19  BANK20  BANK21  BANK22  BANK23  BANK24  BANK25  BANK26  BANK27  BANK28  BANK29  BANK30  BANK31
      Params:         0       0       0       0       0       0       0       0       0       0       0       0       0       0       0       0       0       0       0       0       0       0       0       0       0       0       0       0       0       0       0       0       0
      Locals:         0       0       0       0       0       0       0       0       0       0       0       0       0       0       0       0       0       0       0       0       0       0       0       0       0       0       0       0       0       0       0       0       0
      Temps:          0       0       0       0       0       0       0       0       0       0       0       0       0       0       0       0       0       0       0       0       0       0       0       0       0       0       0       0       0       0       0       0       0
      Totals:         0       0       0       0       0       0       0       0       0       0       0       0       0       0       0       0       0       0       0       0       0       0       0       0       0       0       0       0       0       0       0       0       0
Total ram usage:        0 bytes
 Hardware stack levels used:    1
 This function calls:
		Nothing
 This function is called by:
		Interrupt level 2
 This function uses a non-reentrant model



MODULE INFORMATION

Module		Function		Class		Link	Load	Size
/opt/microchip/xc8/v2.05/pic/sources/c99/common/strncmp.c
		_strncmp       		CODE           	4264	0000	207

/opt/microchip/xc8/v2.05/pic/sources/c99/common/strncmp.c estimated size: 207

/opt/microchip/xc8/v2.05/pic/sources/c99/common/tolower.c
		_tolower       		CODE           	4CA2	0000	85

/opt/microchip/xc8/v2.05/pic/sources/c99/common/tolower.c estimated size: 85

/opt/microchip/xc8/v2.05/pic/sources/c99/common/flge.c
		___flge        		CODE           	4194	0000	209

/opt/microchip/xc8/v2.05/pic/sources/c99/common/flge.c estimated size: 209

/opt/microchip/xc8/v2.05/pic/sources/c99/common/flneg.c
		___flneg       		CODE           	4D70	0000	55

/opt/microchip/xc8/v2.05/pic/sources/c99/common/flneg.c estimated size: 55

/opt/microchip/xc8/v2.05/pic/sources/c99/common/sprcmul.c
		___flmul       		CODE           	2C02	0000	947

/opt/microchip/xc8/v2.05/pic/sources/c99/common/sprcmul.c estimated size: 947

/opt/microchip/xc8/v2.05/pic/sources/c99/common/Umul16.c
		___wmul        		CODE           	4E42	0000	47

/opt/microchip/xc8/v2.05/pic/sources/c99/common/Umul16.c estimated size: 47

/opt/microchip/xc8/v2.05/pic/sources/c99/common/sprcdiv.c
		___fldiv       		CODE           	3690	0000	685

/opt/microchip/xc8/v2.05/pic/sources/c99/common/sprcdiv.c estimated size: 685

/opt/microchip/xc8/v2.05/pic/sources/c99/common/nf_fputc.c
		_fputc         		CODE           	4560	0000	175

/opt/microchip/xc8/v2.05/pic/sources/c99/common/nf_fputc.c estimated size: 175

I2C.c
		_I2C_Transmit  		CODE           	460E	0000	163
		_I2C_Init      		CODE           	4A5A	0000	109
		_I2C_handler   		CODE           	4E70	0000	45

I2C.c estimated size: 317

/opt/microchip/xc8/v2.05/pic/sources/c99/common/putch.c
		_putch         		CODE           	4F74	0000	3

/opt/microchip/xc8/v2.05/pic/sources/c99/common/putch.c estimated size: 3

/opt/microchip/xc8/v2.05/pic/sources/c99/common/sprcadd.c
		___flsub       		CODE           	4BEE	0000	95
		___fladd       		CODE           	3348	0000	841

/opt/microchip/xc8/v2.05/pic/sources/c99/common/sprcadd.c estimated size: 936

/opt/microchip/xc8/v2.05/pic/sources/c99/common/xxtofl.c
		___xxtofl      		CODE           	3F44	0000	357

/opt/microchip/xc8/v2.05/pic/sources/c99/common/xxtofl.c estimated size: 357

/opt/microchip/xc8/v2.05/pic/sources/c99/common/strlen.c
		_strlen        		CODE           	4E10	0000	51

/opt/microchip/xc8/v2.05/pic/sources/c99/common/strlen.c estimated size: 51

/opt/microchip/xc8/v2.05/pic/sources/c99/common/fleq.c
		___fleq        		CODE           	47E4	0000	139

/opt/microchip/xc8/v2.05/pic/sources/c99/common/fleq.c estimated size: 139

/opt/microchip/xc8/v2.05/pic/sources/c99/common/nf_sprintf.c
		_sprintf       		CODE           	4B2E	0000	99

/opt/microchip/xc8/v2.05/pic/sources/c99/common/nf_sprintf.c estimated size: 99

/opt/microchip/xc8/v2.05/pic/sources/c99/common/floorf.c
		_floorf        		CODE           	3B68	0000	509

/opt/microchip/xc8/v2.05/pic/sources/c99/common/floorf.c estimated size: 509

/opt/microchip/xc8/v2.05/pic/sources/c99/common/awmod.c
		___awmod       		CODE           	4978	0000	117

/opt/microchip/xc8/v2.05/pic/sources/c99/common/awmod.c estimated size: 117

/opt/microchip/xc8/v2.05/pic/sources/c99/common/strcpy.c
		_strcpy        		CODE           	4AC6	0000	105

/opt/microchip/xc8/v2.05/pic/sources/c99/common/strcpy.c estimated size: 105

/opt/microchip/xc8/v2.05/pic/sources/c99/common/isupper.c
		_isupper       		CODE           	4DDC	0000	53

/opt/microchip/xc8/v2.05/pic/sources/c99/common/isupper.c estimated size: 53

shared
		__initialization		CODE           	4B90	0000	89

shared estimated size: 89

/opt/microchip/xc8/v2.05/pic/sources/c99/common/nf_fputs.c
		_fputs         		CODE           	4CF6	0000	63

/opt/microchip/xc8/v2.05/pic/sources/c99/common/nf_fputs.c estimated size: 63

/opt/microchip/xc8/v2.05/pic/sources/c99/common/__fpclassifyf.c
		___fpclassifyf 		CODE           	40A8	0000	237

/opt/microchip/xc8/v2.05/pic/sources/c99/common/__fpclassifyf.c estimated size: 237

/opt/microchip/xc8/v2.05/pic/sources/c99/common/fltol.c
		___fltol       		CODE           	4332	0000	203

/opt/microchip/xc8/v2.05/pic/sources/c99/common/fltol.c estimated size: 203

UART1.c
		_UART1_ReceiveCommand		CODE           	3D64	0000	481
		_UART1_SendString		CODE           	474C	0000	153
		_UART1_Init    		CODE           	48F6	0000	131
		_UART1_SendByte		CODE           	4EDE	0000	25

UART1.c estimated size: 790

/opt/microchip/xc8/v2.05/pic/sources/c99/common/awdiv.c
		___awdiv       		CODE           	486E	0000	137

/opt/microchip/xc8/v2.05/pic/sources/c99/common/awdiv.c estimated size: 137

main.c
		_I2C_GENERAL_ISR		CODE           	4F40	0000	21
		_UART_handler  		CODE           	393C	0000	557
		_I2C_TX_ISR    		CODE           	4F10	0000	23
		_UART1_TX_ISR  		CODE           	4F68	0000	13
		_ADC_Start     		CODE           	4F54	0000	19
		_memset        		CODE           	4DA6	0000	55
		_main          		CODE           	43FC	0000	179
		_timer0_init   		CODE           	4EBE	0000	33
		_DEFAULT_ISR   		CODE           	4F78	0000	3
		_GetStringSize 		CODE           	4D34	0000	61
		_UART1_RX_ISR  		CODE           	4EF8	0000	23
		_I2C_RX_ISR    		CODE           	4F28	0000	23
		_TIMER0_ISR    		CODE           	4C4C	0000	87
		_ADC_ISR       		CODE           	46B0	0000	157
		_ADC_Init      		CODE           	4E9C	0000	35

main.c estimated size: 1289

/opt/microchip/xc8/v2.05/pic/sources/c99/common/doprnt.c
		_vfpfcnvrt     		CODE           	2FB4	0000	917
		_efgtoa        		CODE           	20AC	0000	2903
		_pad           		CODE           	44AE	0000	179
		_vfprintf      		CODE           	49EC	0000	111

/opt/microchip/xc8/v2.05/pic/sources/c99/common/doprnt.c estimated size: 4110

