Microchip MPLAB XC8 Compiler V2.05 ()

Linker command line:

-W-3 --edf=/opt/microchip/xc8/v2.05/pic/dat/en_msgs.txt -pivt0x8=08h -cs \
  -h+dist/default/debug/5V_PPS_Project.X.debug.sym \
  --cmf=dist/default/debug/5V_PPS_Project.X.debug.cmf -z -Q18F27K42 \
  -o/tmp/xcXSKrBsB --defsym=__MPLAB_BUILD=1 \
  -Mdist/default/debug/5V_PPS_Project.X.debug.map -E1 -ver=XC8 --acfsm=1493 \
  -ASTACK=01A8h-01FFFh -pstack=STACK -ACODE=00h-01FFFFh -ACONST=00h-01FFFFh \
  -ASMALLCONST=02000h-020FFhx480 \
  -AMEDIUMCONST=02000h-0FFFFh,012000h-01FFFFh -ACOMRAM=01h-05Fh \
  -AABS1=00h-01FFFh -ABIGRAM=01h-01FFFh -ARAM=060h-0FFh,0100h-01FFhx31 \
  -ABANK0=060h-0FFh -ABANK1=0100h-01FFh -ABANK2=0200h-02FFh \
  -ABANK3=0300h-03FFh -ABANK4=0400h-04FFh -ABANK5=0500h-05FFh \
  -ABANK6=0600h-06FFh -ABANK7=0700h-07FFh -ABANK8=0800h-08FFh \
  -ABANK9=0900h-09FFh -ABANK10=0A00h-0AFFh -ABANK11=0B00h-0BFFh \
  -ABANK12=0C00h-0CFFh -ABANK13=0D00h-0DFFh -ABANK14=0E00h-0EFFh \
  -ABANK15=0F00h-0FFFh -ABANK16=01000h-010FFh -ABANK17=01100h-011FFh \
  -ABANK18=01200h-012FFh -ABANK19=01300h-013FFh -ABANK20=01400h-014FFh \
  -ABANK21=01500h-015FFh -ABANK22=01600h-016FFh -ABANK23=01700h-017FFh \
  -ABANK24=01800h-018FFh -ABANK25=01900h-019FFh -ABANK26=01A00h-01AFFh \
  -ABANK27=01B00h-01BFFh -ABANK28=01C00h-01CFFh -ABANK29=01D00h-01DFFh \
  -ABANK30=01E00h-01EFFh -ABANK31=01F00h-01FFFh \
  -ASFR=03800h-038FFhx7,03F00h-03F5Fh,03F60h-03FFFh -preset_vec=00h \
  -ppowerup=CODE,init -pramtop=02000h -psmallconst=SMALLCONST \
  -pmediumconst=MEDIUMCONST -pconst=CONST -AFARRAM=00h-00h \
  -ACONFIG=0300000h-0300009h -pconfig=CONFIG -AIDLOC=0200000h-020000Fh \
  -pidloc=IDLOC -AEEDATA=0310000h-03103FFh -peeprom_data=EEDATA \
  -prdata=COMRAM,nvrram=COMRAM,nvbit=COMRAM,rbss=COMRAM,rbit=COMRAM \
  -pfarbss=FARRAM,fardata=FARRAM,nvFARRAM=FARRAM \
  -pintsave_regs=BIGRAM,bigbss=BIGRAM,bigdata=BIGRAM -pbss=RAM \
  -pidata=CODE,irdata=CODE,ibigdata=CODE,ifardata=CODE -pparam0=BANK0 \
  /tmp/xcXfsjPew.o dist/default/debug/5V_PPS_Project.X.debug.o 

Object code version is 3.11

Machine type is 18F27K42

Call graph: (short form)




                Name                               Link     Load   Length Selector   Space Scale
/tmp/xcXfsjPew.o
                init                                 AE       AE        4        4       0
                reset_vec                             0        0        4        0       0
                idloc                            200000   200000       10   200000       0
                config                           300000   300000        A   300000       0
dist/default/debug/5V_PPS_Project.X.debug.o
                smallconst                         2000     2000       90     1000       0
                ivt0x8                                8        8       A6        4       0
                text49                             52A0     52A0        2     1496       0
                text48                             5280     5280       10     1496       0
                text47                             5258     5258       16     1496       0
                text46                             5240     5240       16     1490       0
                text45                             425E     425E      164     1048       0
                text44                             2FA0     2FA0      3B2     1048       0
                text43                             4C2C     4C2C       82     1048       0
                text42                             5228     5228       16     143E       0
                text41                             5290     5290        C     1496       0
                text40                             526E     526E       12     1496       0
                text39                             50F8     50F8       38     143E       0
                text38                             51CC     51CC       22     143E       0
                text37                             4DFC     4DFC       6A     1048       0
                text36                             4BA6     4BA6       86     1048       0
                text35                             519C     519C       30     143E       0
                text34                             3EDC     3EDC      1D2     1048       0
                text33                             5048     5048       3E     1048       0
                text32                             49F0     49F0       A0     1048       0
                text31                             4F76     4F76       4A     1048       0
                text30                             520E     520E       1A     143E       0
                text29                             494E     494E       A2     1048       0
                text28                             50BE     50BE       38     1048       0
                text27                             4B1C     4B1C       8A     1048       0
                text26                             4CAE     4CAE       76     1048       0
                text25                             3A32     3A32      2AE     1048       0
                text24                             4A90     4A90       8C     1048       0
                text23                             44B0     44B0       D2     1048       0
                text22                             2BEC     2BEC      3B4     1048       0
                text21                             5086     5086       38     1048       0
                text20                             36E8     36E8      34A     1048       0
                text19                             4E66     4E66       60     1048       0
                text18                             4652     4652       CC     1048       0
                text17                             43C2     43C2       EE     1048       0
                text16                             3CE0     3CE0      1FC     1048       0
                text15                             529E     529E        2     1496       0
                text14                             489E     489E       B0     1048       0
                text13                             5006     5006       42     1048       0
                text12                             5166     5166       36     143E       0
                text11                             47E6     47E6       B8     1048       0
                text10                             4D92     4D92       6A     1048       0
                text9                              5130     5130       36     143E       0
                text8                              4F20     4F20       56     1048       0
                text7                              2090     2090      B5C     1048       0
                text6                              4582     4582       D0     1048       0
                text5                              3352     3352      396     1048       0
                text4                              4D24     4D24       6E     1048       0
                text3                              4EC6     4EC6       5A     1048       0
                text2                              40AE     40AE      1B0     1048       0
                text1                              51EE     51EE       20     143E       0
                text0                              471E     471E       C8     1048       0
                cstackCOMRAM                          1        1       2C        1       1
                cstackBANK0                          60       60       A0       60       1
                cstackBANK1                         1A4      1A4        4      100       1
                bssBANK1                            100      100       A4      100       1
                dataCOMRAM                           4E       4E        2        1       1
                bssCOMRAM                            2D       2D       21        1       1
                cinit                              4FC0     4FC0       46     1048       0
                idataCOMRAM                        529C     529C        2     1496       0

TOTAL           Name                               Link     Load   Length     Space
        CLASS   STACK          

        CLASS   CODE           
                init                                 AE       AE        4         0
                reset_vec                             0        0        4         0
                ivt0x8                                8        8       A6         0
                text49                             52A0     52A0        2         0
                text48                             5280     5280       10         0
                text47                             5258     5258       16         0
                text46                             5240     5240       16         0
                text45                             425E     425E      164         0
                text44                             2FA0     2FA0      3B2         0
                text43                             4C2C     4C2C       82         0
                text42                             5228     5228       16         0
                text41                             5290     5290        C         0
                text40                             526E     526E       12         0
                text39                             50F8     50F8       38         0
                text38                             51CC     51CC       22         0
                text37                             4DFC     4DFC       6A         0
                text36                             4BA6     4BA6       86         0
                text35                             519C     519C       30         0
                text34                             3EDC     3EDC      1D2         0
                text33                             5048     5048       3E         0
                text32                             49F0     49F0       A0         0
                text31                             4F76     4F76       4A         0
                text30                             520E     520E       1A         0
                text29                             494E     494E       A2         0
                text28                             50BE     50BE       38         0
                text27                             4B1C     4B1C       8A         0
                text26                             4CAE     4CAE       76         0
                text25                             3A32     3A32      2AE         0
                text24                             4A90     4A90       8C         0
                text23                             44B0     44B0       D2         0
                text22                             2BEC     2BEC      3B4         0
                text21                             5086     5086       38         0
                text20                             36E8     36E8      34A         0
                text19                             4E66     4E66       60         0
                text18                             4652     4652       CC         0
                text17                             43C2     43C2       EE         0
                text16                             3CE0     3CE0      1FC         0
                text15                             529E     529E        2         0
                text14                             489E     489E       B0         0
                text13                             5006     5006       42         0
                text12                             5166     5166       36         0
                text11                             47E6     47E6       B8         0
                text10                             4D92     4D92       6A         0
                text9                              5130     5130       36         0
                text8                              4F20     4F20       56         0
                text7                              2090     2090      B5C         0
                text6                              4582     4582       D0         0
                text5                              3352     3352      396         0
                text4                              4D24     4D24       6E         0
                text3                              4EC6     4EC6       5A         0
                text2                              40AE     40AE      1B0         0
                text1                              51EE     51EE       20         0
                text0                              471E     471E       C8         0
                cinit                              4FC0     4FC0       46         0
                idataCOMRAM                        529C     529C        2         0

        CLASS   CONST          

        CLASS   SMALLCONST     
                smallconst                         2000     2000       90         0

        CLASS   MEDIUMCONST    

        CLASS   COMRAM         
                cstackCOMRAM                          1        1       2C         1
                dataCOMRAM                           4E       4E        2         1
                bssCOMRAM                            2D       2D       21         1

        CLASS   ABS1           

        CLASS   BIGRAM         

        CLASS   RAM            

        CLASS   BANK0          
                cstackBANK0                          60       60       A0         1

        CLASS   BANK1          
                cstackBANK1                         1A4      1A4        4         1
                bssBANK1                            100      100       A4         1

        CLASS   BANK2          

        CLASS   BANK3          

        CLASS   BANK4          

        CLASS   BANK5          

        CLASS   BANK6          

        CLASS   BANK7          

        CLASS   BANK8          

        CLASS   BANK9          

        CLASS   BANK10         

        CLASS   BANK11         

        CLASS   BANK12         

        CLASS   BANK13         

        CLASS   BANK14         

        CLASS   BANK15         

        CLASS   BANK16         

        CLASS   BANK17         

        CLASS   BANK18         

        CLASS   BANK19         

        CLASS   BANK20         

        CLASS   BANK21         

        CLASS   BANK22         

        CLASS   BANK23         

        CLASS   BANK24         

        CLASS   BANK25         

        CLASS   BANK26         

        CLASS   BANK27         

        CLASS   BANK28         

        CLASS   BANK29         

        CLASS   BANK30         

        CLASS   BANK31         

        CLASS   SFR            

        CLASS   FARRAM         

        CLASS   CONFIG         
                config                           300000   300000        A         0

        CLASS   IDLOC          
                idloc                            200000   200000       10         0

        CLASS   EEDATA         



SEGMENTS        Name                           Load    Length   Top    Selector   Space  Class

                reset_vec                      000000  000004  000004         0       0  CODE    
                cstackCOMRAM                   000001  00004F  000050         1       1  COMRAM  
                ivt0x8                         000008  0000AA  0000B2         4       0  CODE    
                cstackBANK0                    000060  0000A0  000100        60       1  BANK0   
                bssBANK1                       000100  0000A8  0001A8       100       1  BANK1   
                smallconst                     002000  000090  002090      1000       0  SMALLCON
                text7                          002090  003066  0050F6      1048       0  CODE    
                text39                         0050F8  000146  00523E      143E       0  CODE    
                text46                         005240  000016  005256      1490       0  CODE    
                text47                         005258  00004A  0052A2      1496       0  CODE    
                idloc                          200000  000010  200010    200000       0  IDLOC   
                config                         300000  00000A  30000A    300000       0  CONFIG  


UNUSED ADDRESS RANGES

        Name                Unused          Largest block    Delta
        BANK1            0001A8-0001FF               58
        BANK10           000A00-000AFF              100
        BANK11           000B00-000BFF              100
        BANK12           000C00-000CFF              100
        BANK13           000D00-000DFF              100
        BANK14           000E00-000EFF              100
        BANK15           000F00-000FFF              100
        BANK16           001000-0010FF              100
        BANK17           001100-0011FF              100
        BANK18           001200-0012FF              100
        BANK19           001300-0013FF              100
        BANK2            000200-0002FF              100
        BANK20           001400-0014FF              100
        BANK21           001500-0015FF              100
        BANK22           001600-0016FF              100
        BANK23           001700-0017FF              100
        BANK24           001800-0018FF              100
        BANK25           001900-0019FF              100
        BANK26           001A00-001AFF              100
        BANK27           001B00-001BFF              100
        BANK28           001C00-001CFF              100
        BANK29           001D00-001DFF              100
        BANK3            000300-0003FF              100
        BANK30           001E00-001EFF              100
        BANK31           001F00-001FFF              100
        BANK4            000400-0004FF              100
        BANK5            000500-0005FF              100
        BANK6            000600-0006FF              100
        BANK7            000700-0007FF              100
        BANK8            000800-0008FF              100
        BANK9            000900-0009FF              100
        BIGRAM           000050-00005F               10
                         0001A8-001FFF             1E58
        CODE             000004-000007                4
                         0000B2-001FFF             1F4E
                         0050F6-0050F7                2
                         00523E-00523F                2
                         005256-005257                2
                         0052A2-01FFFF            1AD5E
        COMRAM           000050-00005F               10
        CONST            000004-000007                4
                         0000B2-001FFF             1F4E
                         0050F6-0050F7                2
                         00523E-00523F                2
                         005256-005257                2
                         0052A2-01FFFF            1AD5E
        EEDATA           310000-3103FF              400
        MEDIUMCONST      0050F6-0050F7                2
                         00523E-00523F                2
                         005256-005257                2
                         0052A2-00FFFF             AD5E
                         012000-01FFFF             E000
        RAM              0001A8-001FFF              100
        SFR              003800-003FFF              100
        SMALLCONST       0050F6-0050F7                2
                         00523E-00523F                2
                         005256-005257                2
                         0052A2-01FFFF              100
        STACK            0001A8-001FFF             1E58

                                  Symbol Table

?_GetStringSize                 cstackBANK0  000060
?___awdiv                       cstackBANK0  000060
?___awmod                       cstackBANK0  000060
?___fladd                       cstackBANK0  000060
?___fldiv                       cstackBANK0  000060
?___flmul                       cstackBANK0  000060
?___flneg                       cstackBANK0  000060
?___flsub                       cstackBANK0  000079
?___fltol                       cstackBANK0  000060
?___fpclassifyf                 cstackBANK0  000060
?___wmul                        cstackBANK0  000060
?___xxtofl                      cstackCOMRAM 000002
?_efgtoa                        cstackBANK0  00008D
?_floorf                        cstackBANK0  000079
?_isupper                       cstackBANK0  000060
?_pad                           cstackBANK0  000070
?_sprintf                       cstackBANK0  0000ED
?_strlen                        cstackBANK0  000060
?_strncmp                       cstackBANK0  000060
?_tolower                       cstackBANK0  000066
?_vfpfcnvrt                     cstackBANK0  0000D1
?_vfprintf                      cstackBANK0  0000E5
?i2___flmul                     cstackCOMRAM 000010
ADC_ISR@adc_result              cstackCOMRAM 00002B
ADC_Start@pin                   cstackCOMRAM 000001
GetStringSize@i                 cstackBANK0  000062
I2C_Transmit@address            cstackBANK0  000063
I2C_Transmit@buffer             cstackBANK0  000060
I2C_Transmit@buffer_size        cstackBANK0  000062
I2C_Transmit@i                  cstackBANK0  00006B
I2C_handler@ad5272_select       cstackBANK0  00006E
I2C_handler@value               cstackBANK0  00006C
IVTBASEH                        (abs)        003FD6
IVTBASEL                        (abs)        003FD5
IVTBASEU                        (abs)        003FD7
USART1_Init@baud_rate           cstackBANK0  000062
USART1_SendByte@byte            cstackBANK0  000060
USART1_SendString@attempts      cstackBANK0  00006A
USART1_SendString@i             cstackBANK0  000068
USART1_SendString@size          cstackBANK0  000066
USART1_SendString@str           cstackBANK0  000064
_AD5272_COMMANDS                bssCOMRAM    00004C
_AD5272_CURRENT_ADDRESS         dataCOMRAM   00004E
_AD5272_VOLTAGE_ADDRESS         dataCOMRAM   00004F
_ADCON0                         (abs)        003EF8
_ADCON0bits                     (abs)        003EF8
_ADCON1                         (abs)        003EF9
_ADCON2                         (abs)        003EFA
_ADC_ISR                        text43       004C2C
_ADC_Init                       text38       0051CC
_ADC_Start                      text40       00526E
_ADC_VOLTAGE_RESULT             bssCOMRAM    000035
_ADPCH                          (abs)        003EF1
_ADREF                          (abs)        003EFD
_ADRESH                         (abs)        003EF0
_ADRESL                         (abs)        003EEF
_ANSELAbits                     (abs)        003A40
_ANSELBbits                     (abs)        003A50
_ANSELCbits                     (abs)        003A60
_COMMAND                        bssCOMRAM    000048
_COMMAND_WR                     bssCOMRAM    000049
_COMMAND_WRITE_NUMBER           bssCOMRAM    000041
_DEFAULT_ISR                    text49       0052A0
_GetStringSize                  text33       005048
_I2C1ADB1                       (abs)        003D6E
_I2C1CLK                        (abs)        003D7B
_I2C1CNT                        (abs)        003D6C
_I2C1CON0                       (abs)        003D73
_I2C1CON0bits                   (abs)        003D73
_I2C1CON1                       (abs)        003D74
_I2C1CON2                       (abs)        003D75
_I2C1ERR                        (abs)        003D76
_I2C1PIEbits                    (abs)        003D7A
_I2C1PIR                        (abs)        003D79
_I2C1PIRbits                    (abs)        003D79
_I2C1RXB                        (abs)        003D6A
_I2C1SCLPPS                     (abs)        003AE1
_I2C1SDAPPS                     (abs)        003AE2
_I2C1STAT0bits                  (abs)        003D77
_I2C1TXB                        (abs)        003D6B
_I2C_GENERAL_ISR                text48       005280
_I2C_Init                       text37       004DFC
_I2C_RX_BUFFER                  bssBANK1     000120
_I2C_RX_COUNTER                 bssCOMRAM    000046
_I2C_RX_ISR                     text47       005258
_I2C_STOP_DETECTED              bssCOMRAM    000045
_I2C_TX_BUFFER                  bssBANK1     00012A
_I2C_TX_COUNTER                 bssCOMRAM    000047
_I2C_TX_ISR                     text46       005240
_I2C_Transmit                   text32       0049F0
_I2C_handler                    text31       004F76
_INTCON0bits                    (abs)        003FD2
_IPR1bits                       (abs)        003981
_IPR2bits                       (abs)        003982
_IPR3bits                       (abs)        003983
_IVTLOCK                        (abs)        003FD4
_LATAbits                       (abs)        003FBA
_LATBbits                       (abs)        003FBB
_ODCONBbits                     (abs)        003A52
_OSCEN                          (abs)        0039DD
_OSCFRQ                         (abs)        0039DF
_OSCSTATbits                    (abs)        0039DC
_OSCTUNE                        (abs)        0039DE
_PIE1bits                       (abs)        003991
_PIE2bits                       (abs)        003992
_PIE3bits                       (abs)        003993
_PIR1bits                       (abs)        0039A1
_PIR2bits                       (abs)        0039A2
_PIR3                           (abs)        0039A3
_PIR3bits                       (abs)        0039A3
_PPSLOCKbits                    (abs)        003ABF
_RB0PPS                         (abs)        003A08
_RB1I2C                         (abs)        003A5A
_RB1PPS                         (abs)        003A09
_RC7PPS                         (abs)        003A17
_SLRCONBbits                    (abs)        003A53
_T0CON0                         (abs)        003FB8
_T0CON0bits                     (abs)        003FB8
_T0CON1                         (abs)        003FB9
_TIMER0_ISR                     text39       0050F8
_TMR0H                          (abs)        003FB7
_TMR0L                          (abs)        003FB6
_TRISAbits                      (abs)        003FC2
_TRISBbits                      (abs)        003FC3
_TRISCbits                      (abs)        003FC4
_U1BRGH                         (abs)        003DF6
_U1BRGL                         (abs)        003DF5
_U1CON0                         (abs)        003DF2
_U1CON1                         (abs)        003DF3
_U1CON1bits                     (abs)        003DF3
_U1ERRIE                        (abs)        003DFA
_U1RXB                          (abs)        003DE8
_U1RXPPS                        (abs)        003AE5
_U1TXB                          (abs)        003DEA
_U1UIR                          (abs)        003DF8
_U2CON2                         (abs)        003DDC
_UART1_RX_ISR                   text42       005228
_UART1_TX_ISR                   text41       005290
_USART1_Init                    text36       004BA6
_USART1_ReceiveCommand          text34       003EDC
_USART1_SendByte                text30       00520E
_USART1_SendString              text29       00494E
_USART_handler                  text2        0040AE
_WDTCON0                        (abs)        00395B
_WDTCON1                        (abs)        00395C
__CFG_BBEN$OFF                  (abs)        000000
__CFG_BBSIZE$BBSIZE_512         (abs)        000000
__CFG_BOREN$NOSLP               (abs)        000000
__CFG_BORV$VBOR_2P85            (abs)        000000
__CFG_CLKOUTEN$OFF              (abs)        000000
__CFG_CP$OFF                    (abs)        000000
__CFG_CSWEN$OFF                 (abs)        000000
__CFG_DEBUG$OFF                 (abs)        000000
__CFG_FCMEN$OFF                 (abs)        000000
__CFG_FEXTOSC$OFF               (abs)        000000
__CFG_IVT1WAY$ON                (abs)        000000
__CFG_LPBOREN$OFF               (abs)        000000
__CFG_LVP$OFF                   (abs)        000000
__CFG_MCLRE$EXTMCLR             (abs)        000000
__CFG_MVECEN$ON                 (abs)        000000
__CFG_PPS1WAY$ON                (abs)        000000
__CFG_PR1WAY$ON                 (abs)        000000
__CFG_PWRTS$PWRT_64             (abs)        000000
__CFG_RSTOSC$HFINTOSC_64MHZ     (abs)        000000
__CFG_SAFEN$OFF                 (abs)        000000
__CFG_STVREN$ON                 (abs)        000000
__CFG_WDTCCS$SC                 (abs)        000000
__CFG_WDTCPS$WDTCPS_31          (abs)        000000
__CFG_WDTCWS$WDTCWS_7           (abs)        000000
__CFG_WDTE$OFF                  (abs)        000000
__CFG_WRTAPP$OFF                (abs)        000000
__CFG_WRTB$OFF                  (abs)        000000
__CFG_WRTC$OFF                  (abs)        000000
__CFG_WRTD$OFF                  (abs)        000000
__CFG_WRTSAF$OFF                (abs)        000000
__CFG_XINST$OFF                 (abs)        000000
__CFG_ZCD$OFF                   (abs)        000000
__HRAM                          (abs)        000000
__Habs1                         abs1         000000
__Hbank0                        bank0        000000
__Hbank1                        bank1        000000
__Hbank10                       bank10       000000
__Hbank11                       bank11       000000
__Hbank12                       bank12       000000
__Hbank13                       bank13       000000
__Hbank14                       bank14       000000
__Hbank15                       bank15       000000
__Hbank16                       bank16       000000
__Hbank17                       bank17       000000
__Hbank18                       bank18       000000
__Hbank19                       bank19       000000
__Hbank2                        bank2        000000
__Hbank20                       bank20       000000
__Hbank21                       bank21       000000
__Hbank22                       bank22       000000
__Hbank23                       bank23       000000
__Hbank24                       bank24       000000
__Hbank25                       bank25       000000
__Hbank26                       bank26       000000
__Hbank27                       bank27       000000
__Hbank28                       bank28       000000
__Hbank29                       bank29       000000
__Hbank3                        bank3        000000
__Hbank30                       bank30       000000
__Hbank31                       bank31       000000
__Hbank4                        bank4        000000
__Hbank5                        bank5        000000
__Hbank6                        bank6        000000
__Hbank7                        bank7        000000
__Hbank8                        bank8        000000
__Hbank9                        bank9        000000
__Hbigbss                       bigbss       000000
__Hbigdata                      bigdata      000000
__Hbigram                       bigram       000000
__Hbss                          bss          000000
__HbssBANK1                     bssBANK1     000000
__HbssCOMRAM                    bssCOMRAM    000000
__Hcinit                        cinit        000000
__Hclrtext                      clrtext      000000
__Hcomram                       comram       000000
__Hconfig                       config       30000A
__Hconst                        const        000000
__HcstackBANK0                  cstackBANK0  000000
__HcstackBANK1                  cstackBANK1  000000
__HcstackCOMRAM                 cstackCOMRAM 000000
__Hdata                         data         000000
__HdataCOMRAM                   dataCOMRAM   000000
__Heeprom_data                  eeprom_data  000000
__Hfarbss                       farbss       000000
__Hfardata                      fardata      000000
__Hibigdata                     ibigdata     000000
__Hidata                        idata        000000
__HidataCOMRAM                  idataCOMRAM  000000
__Hidloc                        idloc        200010
__Hifardata                     ifardata     000000
__Hinit                         init         0000B2
__Hintsave_regs                 intsave_regs 000000
__Hirdata                       irdata       000000
__Hivt0x8                       ivt0x8       0000AE
__Hmediumconst                  mediumconst  000000
__HnvFARRAM                     nvFARRAM     000000
__Hnvbit                        nvbit        000000
__Hnvrram                       nvrram       000000
__Hparam                        param0       000000
__Hparam0                       param0       000000
__Hpowerup                      powerup      000000
__Hram                          ram          000000
__Hramtop                       ramtop       002000
__Hrbit                         rbit         000000
__Hrbss                         rbss         000000
__Hrdata                        rdata        000000
__Hreset_vec                    reset_vec    000004
__Hsfr                          sfr          000000
__Hsmallconst                   smallconst   002090
__Hspace_0                      (abs)        30000A
__Hspace_1                      (abs)        0001A8
__Hspace_2                      (abs)        000000
__Hstack                        stack        000000
__Hstruct                       struct       000000
__Htemp                         temp         000000
__Htext                         text         000000
__Htext0                        text0        000000
__Htext1                        text1        000000
__Htext10                       text10       000000
__Htext11                       text11       000000
__Htext12                       text12       000000
__Htext13                       text13       000000
__Htext14                       text14       000000
__Htext15                       text15       000000
__Htext16                       text16       000000
__Htext17                       text17       000000
__Htext18                       text18       000000
__Htext19                       text19       000000
__Htext2                        text2        000000
__Htext20                       text20       000000
__Htext21                       text21       000000
__Htext22                       text22       000000
__Htext23                       text23       000000
__Htext24                       text24       000000
__Htext25                       text25       000000
__Htext26                       text26       000000
__Htext27                       text27       000000
__Htext28                       text28       000000
__Htext29                       text29       000000
__Htext3                        text3        000000
__Htext30                       text30       000000
__Htext31                       text31       000000
__Htext32                       text32       000000
__Htext33                       text33       000000
__Htext34                       text34       000000
__Htext35                       text35       000000
__Htext36                       text36       000000
__Htext37                       text37       000000
__Htext38                       text38       000000
__Htext39                       text39       000000
__Htext4                        text4        000000
__Htext40                       text40       000000
__Htext41                       text41       000000
__Htext42                       text42       000000
__Htext43                       text43       000000
__Htext44                       text44       000000
__Htext45                       text45       000000
__Htext46                       text46       000000
__Htext47                       text47       000000
__Htext48                       text48       000000
__Htext49                       text49       000000
__Htext5                        text5        000000
__Htext6                        text6        000000
__Htext7                        text7        000000
__Htext8                        text8        000000
__Htext9                        text9        000000
__LRAM                          (abs)        000001
__Labs1                         abs1         000000
__Lbank0                        bank0        000000
__Lbank1                        bank1        000000
__Lbank10                       bank10       000000
__Lbank11                       bank11       000000
__Lbank12                       bank12       000000
__Lbank13                       bank13       000000
__Lbank14                       bank14       000000
__Lbank15                       bank15       000000
__Lbank16                       bank16       000000
__Lbank17                       bank17       000000
__Lbank18                       bank18       000000
__Lbank19                       bank19       000000
__Lbank2                        bank2        000000
__Lbank20                       bank20       000000
__Lbank21                       bank21       000000
__Lbank22                       bank22       000000
__Lbank23                       bank23       000000
__Lbank24                       bank24       000000
__Lbank25                       bank25       000000
__Lbank26                       bank26       000000
__Lbank27                       bank27       000000
__Lbank28                       bank28       000000
__Lbank29                       bank29       000000
__Lbank3                        bank3        000000
__Lbank30                       bank30       000000
__Lbank31                       bank31       000000
__Lbank4                        bank4        000000
__Lbank5                        bank5        000000
__Lbank6                        bank6        000000
__Lbank7                        bank7        000000
__Lbank8                        bank8        000000
__Lbank9                        bank9        000000
__Lbigbss                       bigbss       000000
__Lbigdata                      bigdata      000000
__Lbigram                       bigram       000000
__Lbss                          bss          000000
__LbssBANK1                     bssBANK1     000000
__LbssCOMRAM                    bssCOMRAM    000000
__Lcinit                        cinit        000000
__Lclrtext                      clrtext      000000
__Lcomram                       comram       000000
__Lconfig                       config       300000
__Lconst                        const        000000
__LcstackBANK0                  cstackBANK0  000000
__LcstackBANK1                  cstackBANK1  000000
__LcstackCOMRAM                 cstackCOMRAM 000000
__Ldata                         data         000000
__LdataCOMRAM                   dataCOMRAM   000000
__Leeprom_data                  eeprom_data  000000
__Lfarbss                       farbss       000000
__Lfardata                      fardata      000000
__Libigdata                     ibigdata     000000
__Lidata                        idata        000000
__LidataCOMRAM                  idataCOMRAM  000000
__Lidloc                        idloc        200000
__Lifardata                     ifardata     000000
__Linit                         init         0000AE
__Lintsave_regs                 intsave_regs 000000
__Lirdata                       irdata       000000
__Livt0x8                       ivt0x8       000008
__Lmediumconst                  mediumconst  000000
__LnvFARRAM                     nvFARRAM     000000
__Lnvbit                        nvbit        000000
__Lnvrram                       nvrram       000000
__Lparam                        param0       000000
__Lparam0                       param0       000000
__Lpowerup                      powerup      000000
__Lram                          ram          000000
__Lramtop                       ramtop       002000
__Lrbit                         rbit         000000
__Lrbss                         rbss         000000
__Lrdata                        rdata        000000
__Lreset_vec                    reset_vec    000000
__Lsfr                          sfr          000000
__Lsmallconst                   smallconst   002000
__Lspace_0                      (abs)        000000
__Lspace_1                      (abs)        000000
__Lspace_2                      (abs)        000000
__Lstack                        stack        000000
__Lstruct                       struct       000000
__Ltemp                         temp         000000
__Ltext                         text         000000
__Ltext0                        text0        000000
__Ltext1                        text1        000000
__Ltext10                       text10       000000
__Ltext11                       text11       000000
__Ltext12                       text12       000000
__Ltext13                       text13       000000
__Ltext14                       text14       000000
__Ltext15                       text15       000000
__Ltext16                       text16       000000
__Ltext17                       text17       000000
__Ltext18                       text18       000000
__Ltext19                       text19       000000
__Ltext2                        text2        000000
__Ltext20                       text20       000000
__Ltext21                       text21       000000
__Ltext22                       text22       000000
__Ltext23                       text23       000000
__Ltext24                       text24       000000
__Ltext25                       text25       000000
__Ltext26                       text26       000000
__Ltext27                       text27       000000
__Ltext28                       text28       000000
__Ltext29                       text29       000000
__Ltext3                        text3        000000
__Ltext30                       text30       000000
__Ltext31                       text31       000000
__Ltext32                       text32       000000
__Ltext33                       text33       000000
__Ltext34                       text34       000000
__Ltext35                       text35       000000
__Ltext36                       text36       000000
__Ltext37                       text37       000000
__Ltext38                       text38       000000
__Ltext39                       text39       000000
__Ltext4                        text4        000000
__Ltext40                       text40       000000
__Ltext41                       text41       000000
__Ltext42                       text42       000000
__Ltext43                       text43       000000
__Ltext44                       text44       000000
__Ltext45                       text45       000000
__Ltext46                       text46       000000
__Ltext47                       text47       000000
__Ltext48                       text48       000000
__Ltext49                       text49       000000
__Ltext5                        text5        000000
__Ltext6                        text6        000000
__Ltext7                        text7        000000
__Ltext8                        text8        000000
__Ltext9                        text9        000000
__S0                            (abs)        30000A
__S1                            (abs)        0001A8
__S2                            (abs)        000000
___awdiv                        text27       004B1C
___awdiv@counter                cstackBANK0  000064
___awdiv@dividend               cstackBANK0  000060
___awdiv@divisor                cstackBANK0  000062
___awdiv@quotient               cstackBANK0  000066
___awdiv@sign                   cstackBANK0  000065
___awmod                        text26       004CAE
___awmod@counter                cstackBANK0  000064
___awmod@dividend               cstackBANK0  000060
___awmod@divisor                cstackBANK0  000062
___awmod@sign                   cstackBANK0  000065
___fladd                        text20       0036E8
___fladd@a                      cstackBANK0  000064
___fladd@aexp                   cstackBANK0  00006D
___fladd@b                      cstackBANK0  000060
___fladd@bexp                   cstackBANK0  00006E
___fladd@grs                    cstackBANK0  00006F
___fladd@signs                  cstackBANK0  00006C
___fldiv                        text25       003A32
___fldiv@a                      cstackBANK0  000064
___fldiv@aexp                   cstackBANK0  000078
___fldiv@b                      cstackBANK0  000060
___fldiv@bexp                   cstackBANK0  000077
___fldiv@grs                    cstackBANK0  000073
___fldiv@new_exp                cstackBANK0  000071
___fldiv@rem                    cstackBANK0  00006C
___fldiv@sign                   cstackBANK0  000070
___fleq                         text24       004A90
___fleq@ff1                     cstackBANK0  000060
___fleq@ff2                     cstackBANK0  000064
___flge                         text23       0044B0
___flge@ff1                     cstackBANK0  000079
___flge@ff2                     cstackBANK0  00007D
___flmul                        text22       002BEC
___flmul@a                      cstackBANK0  000064
___flmul@aexp                   cstackBANK0  00006D
___flmul@b                      cstackBANK0  000060
___flmul@bexp                   cstackBANK0  000072
___flmul@grs                    cstackBANK0  00006E
___flmul@prod                   cstackBANK0  000073
___flmul@sign                   cstackBANK0  00006C
___flmul@temp                   cstackBANK0  000077
___flneg                        text21       005086
___flneg@f1                     cstackBANK0  000060
___flsub                        text19       004E66
___flsub@a                      cstackBANK0  00007D
___flsub@b                      cstackBANK0  000079
___fltol                        text18       004652
___fltol@exp1                   cstackBANK0  000069
___fltol@f1                     cstackBANK0  000060
___fltol@sign1                  cstackBANK0  000068
___fpclassifyf                  text17       0043C2
___fpclassifyf@F463             bssCOMRAM    000031
___fpclassifyf@e                cstackBANK0  000068
___fpclassifyf@u                cstackBANK0  00006A
___fpclassifyf@x                cstackBANK0  000060
___inthi_sp                     stack        000000
___intlo_sp                     stack        000000
___param_bank                   (abs)        000000
___rparam_used                  (abs)        000000
___sp                           stack        000000
___wmul                         text35       00519C
___wmul@multiplicand            cstackBANK0  000062
___wmul@multiplier              cstackBANK0  000060
___wmul@product                 cstackBANK0  000064
___xxtofl                       text45       00425E
___xxtofl@arg                   cstackCOMRAM 00000C
___xxtofl@exp                   cstackCOMRAM 00000B
___xxtofl@sign                  cstackCOMRAM 00000A
___xxtofl@val                   cstackCOMRAM 000002
__accesstop                     (abs)        000060
__activetblptr                  (abs)        000003
__end_of_ADC_ISR                text43       004CAE
__end_of_ADC_Init               text38       0051EE
__end_of_ADC_Start              text40       005280
__end_of_DEFAULT_ISR            text49       0052A2
__end_of_GetStringSize          text33       005086
__end_of_I2C_GENERAL_ISR        text48       005290
__end_of_I2C_Init               text37       004E66
__end_of_I2C_RX_ISR             text47       00526E
__end_of_I2C_TX_ISR             text46       005256
__end_of_I2C_Transmit           text32       004A90
__end_of_I2C_handler            text31       004FC0
__end_of_TIMER0_ISR             text39       005130
__end_of_UART1_RX_ISR           text42       00523E
__end_of_UART1_TX_ISR           text41       00529C
__end_of_USART1_Init            text36       004C2C
__end_of_USART1_ReceiveCommand  text34       0040AE
__end_of_USART1_SendByte        text30       005228
__end_of_USART1_SendString      text29       0049F0
__end_of_USART_handler          text2        00425E
__end_of___awdiv                text27       004BA6
__end_of___awmod                text26       004D24
__end_of___fladd                text20       003A32
__end_of___fldiv                text25       003CE0
__end_of___fleq                 text24       004B1C
__end_of___flge                 text23       004582
__end_of___flmul                text22       002FA0
__end_of___flneg                text21       0050BE
__end_of___flsub                text19       004EC6
__end_of___fltol                text18       00471E
__end_of___fpclassifyf          text17       0044B0
__end_of___wmul                 text35       0051CC
__end_of___xxtofl               text45       0043C2
__end_of__initialization        cinit        005000
__end_of_efgtoa                 text7        002BEC
__end_of_floorf                 text16       003EDC
__end_of_fputc                  text14       00494E
__end_of_fputs                  text13       005048
__end_of_isupper                text9        005166
__end_of_main                   text0        0047E6
__end_of_memset                 text28       0050F6
__end_of_pad                    text11       00489E
__end_of_putch                  text15       0052A0
__end_of_sprintf                text3        004F20
__end_of_strcpy                 text10       004DFC
__end_of_strlen                 text12       00519C
__end_of_strncmp                text6        004652
__end_of_timer0_init            text1        00520E
__end_of_tolower                text8        004F76
__end_of_vfpfcnvrt              text5        0036E8
__end_of_vfprintf               text4        004D92
__end_ofi2___flmul              text44       003352
__initialization                cinit        004FC0
__mediumconst                   mediumconst  000000
__pbssBANK1                     bssBANK1     000100
__pbssCOMRAM                    bssCOMRAM    00002D
__pcinit                        cinit        004FC0
__pcstackBANK0                  cstackBANK0  000060
__pcstackBANK1                  cstackBANK1  0001A4
__pcstackCOMRAM                 cstackCOMRAM 000001
__pdataCOMRAM                   dataCOMRAM   00004E
__pidataCOMRAM                  idataCOMRAM  00529C
__pivt0x8                       ivt0x8       000008
__psmallconst                   smallconst   002000
__ptext0                        text0        00471E
__ptext1                        text1        0051EE
__ptext10                       text10       004D92
__ptext11                       text11       0047E6
__ptext12                       text12       005166
__ptext13                       text13       005006
__ptext14                       text14       00489E
__ptext15                       text15       00529E
__ptext16                       text16       003CE0
__ptext17                       text17       0043C2
__ptext18                       text18       004652
__ptext19                       text19       004E66
__ptext2                        text2        0040AE
__ptext20                       text20       0036E8
__ptext21                       text21       005086
__ptext22                       text22       002BEC
__ptext23                       text23       0044B0
__ptext24                       text24       004A90
__ptext25                       text25       003A32
__ptext26                       text26       004CAE
__ptext27                       text27       004B1C
__ptext28                       text28       0050BE
__ptext29                       text29       00494E
__ptext3                        text3        004EC6
__ptext30                       text30       00520E
__ptext31                       text31       004F76
__ptext32                       text32       0049F0
__ptext33                       text33       005048
__ptext34                       text34       003EDC
__ptext35                       text35       00519C
__ptext36                       text36       004BA6
__ptext37                       text37       004DFC
__ptext38                       text38       0051CC
__ptext39                       text39       0050F8
__ptext4                        text4        004D24
__ptext40                       text40       00526E
__ptext41                       text41       005290
__ptext42                       text42       005228
__ptext43                       text43       004C2C
__ptext44                       text44       002FA0
__ptext45                       text45       00425E
__ptext46                       text46       005240
__ptext47                       text47       005258
__ptext48                       text48       005280
__ptext49                       text49       0052A0
__ptext5                        text5        003352
__ptext6                        text6        004582
__ptext7                        text7        002090
__ptext8                        text8        004F20
__ptext9                        text9        005130
__ramtop                        ramtop       002000
__size_of_ADC_ISR               (abs)        000000
__size_of_ADC_Init              (abs)        000000
__size_of_ADC_Start             (abs)        000000
__size_of_DEFAULT_ISR           (abs)        000000
__size_of_GetStringSize         (abs)        000000
__size_of_I2C_GENERAL_ISR       (abs)        000000
__size_of_I2C_Init              (abs)        000000
__size_of_I2C_RX_ISR            (abs)        000000
__size_of_I2C_TX_ISR            (abs)        000000
__size_of_I2C_Transmit          (abs)        000000
__size_of_I2C_handler           (abs)        000000
__size_of_TIMER0_ISR            (abs)        000000
__size_of_UART1_RX_ISR          (abs)        000000
__size_of_UART1_TX_ISR          (abs)        000000
__size_of_USART1_Init           (abs)        000000
__size_of_USART1_ReceiveCommand (abs)        000000
__size_of_USART1_SendByte       (abs)        000000
__size_of_USART1_SendString     (abs)        000000
__size_of_USART_handler         (abs)        000000
__size_of___awdiv               (abs)        000000
__size_of___awmod               (abs)        000000
__size_of___fladd               (abs)        000000
__size_of___fldiv               (abs)        000000
__size_of___fleq                (abs)        000000
__size_of___flge                (abs)        000000
__size_of___flmul               (abs)        000000
__size_of___flneg               (abs)        000000
__size_of___flsub               (abs)        000000
__size_of___fltol               (abs)        000000
__size_of___fpclassifyf         (abs)        000000
__size_of___wmul                (abs)        000000
__size_of___xxtofl              (abs)        000000
__size_of_efgtoa                (abs)        000000
__size_of_floorf                (abs)        000000
__size_of_fputc                 (abs)        000000
__size_of_fputs                 (abs)        000000
__size_of_isupper               (abs)        000000
__size_of_main                  (abs)        000000
__size_of_memset                (abs)        000000
__size_of_pad                   (abs)        000000
__size_of_putch                 (abs)        000000
__size_of_sprintf               (abs)        000000
__size_of_strcpy                (abs)        000000
__size_of_strlen                (abs)        000000
__size_of_strncmp               (abs)        000000
__size_of_timer0_init           (abs)        000000
__size_of_tolower               (abs)        000000
__size_of_vfpfcnvrt             (abs)        000000
__size_of_vfprintf              (abs)        000000
__size_ofi2___flmul             (abs)        000000
__smallconst                    smallconst   002000
_counter_timer0                 bssCOMRAM    000044
_dbuf                           bssBANK1     000134
_efgtoa                         text7        002090
_efgtoa$1654                    cstackBANK0  00009D
_efgtoa$1655                    cstackBANK0  00009F
_efgtoa$1660                    cstackBANK0  0000A1
_efgtoa$1664                    cstackBANK0  0000A3
_efgtoa$1665                    cstackBANK0  0000A5
_efgtoa$1666                    cstackBANK0  0000A7
_flags                          bssCOMRAM    00003F
_floorf                         text16       003CE0
_fputc                          text14       00489E
_fputs                          text13       005006
_isupper                        text9        005130
_led_enable                     bssCOMRAM    000043
_main                           text0        00471E
_memset                         text28       0050BE
_nout                           bssCOMRAM    000039
_pad                            text11       0047E6
_prec                           bssCOMRAM    00003D
_putch                          text15       00529E
_rx_buffer                      bssBANK1     000100
_rx_counter                     bssCOMRAM    00004B
_sprintf                        text3        004EC6
_strcpy                         text10       004D92
_strlen                         text12       005166
_strncmp                        text6        004582
_timer0_init                    text1        0051EE
_tolower                        text8        004F20
_tolower$2238                   cstackBANK0  00006C
_tx_buffer                      bssBANK1     000184
_tx_byte                        bssCOMRAM    00004A
_vfpfcnvrt                      text5        003352
_vfpfcnvrt$1683                 cstackBANK0  0000DB
_vfprintf                       text4        004D24
_width                          bssCOMRAM    00003B
efgtoa@c                        cstackBANK0  000093
efgtoa@d                        cstackBANK0  0000B1
efgtoa@e                        cstackBANK0  0000C9
efgtoa@f                        cstackBANK0  00008F
efgtoa@fp                       cstackBANK0  00008D
efgtoa@g                        cstackBANK0  0000C5
efgtoa@h                        cstackBANK0  0000BB
efgtoa@i                        cstackBANK0  0000C3
efgtoa@l                        cstackBANK0  0000BF
efgtoa@m                        cstackBANK0  0000AD
efgtoa@mode                     cstackBANK0  0000BA
efgtoa@n                        cstackBANK0  0000CB
efgtoa@ne                       cstackBANK0  0000AF
efgtoa@nmode                    cstackBANK0  0000B7
efgtoa@ou                       cstackBANK0  000099
efgtoa@p                        cstackBANK0  0000B5
efgtoa@pp                       cstackBANK0  0000AB
efgtoa@sign                     cstackBANK0  0000B3
efgtoa@t                        cstackBANK0  0000A9
efgtoa@u                        cstackBANK0  0000CD
efgtoa@w                        cstackBANK0  0000B8
end_of_initialization           cinit        005000
floorf@F524                     bssCOMRAM    00002D
floorf@e                        cstackBANK0  000087
floorf@m                        cstackBANK0  000083
floorf@u                        cstackBANK0  000089
floorf@x                        cstackBANK0  000079
fputc@c                         cstackBANK0  000060
fputc@fp                        cstackBANK0  000062
fputs@c                         cstackBANK0  00006D
fputs@fp                        cstackBANK0  00006B
fputs@i                         cstackBANK0  00006E
fputs@s                         cstackBANK0  000069
i2___flmul                      text44       002FA0
i2___flmul@a                    cstackCOMRAM 000014
i2___flmul@aexp                 cstackCOMRAM 000021
i2___flmul@b                    cstackCOMRAM 000010
i2___flmul@bexp                 cstackCOMRAM 000022
i2___flmul@grs                  cstackCOMRAM 00001D
i2___flmul@prod                 cstackCOMRAM 000023
i2___flmul@sign                 cstackCOMRAM 00001C
i2___flmul@temp                 cstackCOMRAM 000027
intlevel0                       text         000000
intlevel1                       text         000000
intlevel2                       text         000000
intlevel3                       text         000000
isupper@c                       cstackBANK0  000060
ivt0x8_base                     ivt0x8       000008
ivt0x8_undefint                 ivt0x8       0000AC
main@receive_command            cstackBANK0  0000FF
memset@i                        cstackBANK0  000066
memset@size                     cstackBANK0  000063
memset@st                       cstackBANK0  000060
memset@x                        cstackBANK0  000062
pad@buf                         cstackBANK0  000072
pad@fp                          cstackBANK0  000070
pad@i                           cstackBANK0  000077
pad@p                           cstackBANK0  000074
pad@w                           cstackBANK0  000079
sprintf@ap                      cstackBANK0  0000F7
sprintf@f                       cstackBANK0  0000F9
sprintf@fmt                     cstackBANK0  0000EF
sprintf@s                       cstackBANK0  0000ED
stackhi                         (abs)        001FFF
stacklo                         (abs)        0001A8
start                           init         0000AE
start_initialization            cinit        004FC0
strcpy@d                        cstackBANK0  000068
strcpy@dest                     cstackBANK0  000060
strcpy@s                        cstackBANK0  000066
strcpy@src                      cstackBANK0  000062
strlen@a                        cstackBANK0  000062
strlen@s                        cstackBANK0  000060
strncmp@_l                      cstackBANK0  000060
strncmp@_r                      cstackBANK0  000062
strncmp@l                       cstackBANK0  000067
strncmp@n                       cstackBANK0  000064
strncmp@r                       cstackBANK0  000069
tolower@c                       cstackBANK0  000066
vfpfcnvrt@ap                    cstackBANK0  0000D5
vfpfcnvrt@c                     cstackBANK0  0000E4
vfpfcnvrt@ct                    cstackBANK0  0000E1
vfpfcnvrt@f                     cstackBANK0  0000DD
vfpfcnvrt@fmt                   cstackBANK0  0000D3
vfpfcnvrt@fp                    cstackBANK0  0000D1
vfprintf@ap                     cstackBANK0  0000E9
vfprintf@cfmt                   cstackBANK0  0000EB
vfprintf@fmt                    cstackBANK0  0000E7
vfprintf@fp                     cstackBANK0  0000E5


FUNCTION INFORMATION:

 *************** function _main *****************
 Defined at:
		line 119 in file "main.c"
 Parameters:    Size  Location     Type
		None
 Auto vars:     Size  Location     Type
  receive_comm    1  159[BANK0 ] unsigned char 
 Return value:  Size  Location     Type
                  1    wreg      void 
 Registers used:
		wreg, fsr1l, fsr1h, fsr2l, fsr2h, status,2, status,0, tblptrl, tblptrh, tblptru, prodl, prodh, cstack
 Tracked objects:
		On entry : 
		On exit  : 
		Unchanged: 
 Data sizes:     COMRAM   BANK0   BANK1   BANK2   BANK3   BANK4   BANK5   BANK6   BANK7   BANK8   BANK9  BANK10  BANK11  BANK12  BANK13  BANK14  BANK15  BANK16  BANK17  BANK18  BANK19  BANK20  BANK21  BANK22  BANK23  BANK24  BANK25  BANK26  BANK27  BANK28  BANK29  BANK30  BANK31
      Params:         0       0       0       0       0       0       0       0       0       0       0       0       0       0       0       0       0       0       0       0       0       0       0       0       0       0       0       0       0       0       0       0       0
      Locals:         0       1       0       0       0       0       0       0       0       0       0       0       0       0       0       0       0       0       0       0       0       0       0       0       0       0       0       0       0       0       0       0       0
      Temps:          0       0       2       0       0       0       0       0       0       0       0       0       0       0       0       0       0       0       0       0       0       0       0       0       0       0       0       0       0       0       0       0       0
      Totals:         0       1       2       0       0       0       0       0       0       0       0       0       0       0       0       0       0       0       0       0       0       0       0       0       0       0       0       0       0       0       0       0       0
Total ram usage:        3 bytes
 Hardware stack levels required when called:   11
 This function calls:
		_ADC_Init
		_I2C_Init
		_I2C_Transmit
		_USART1_Init
		_USART1_ReceiveCommand
		_USART_handler
		_timer0_init
 This function is called by:
		Startup code after reset
 This function uses a non-reentrant model


 *************** function _timer0_init *****************
 Defined at:
		line 224 in file "main.c"
 Parameters:    Size  Location     Type
		None
 Auto vars:     Size  Location     Type
		None
 Return value:  Size  Location     Type
                  1    wreg      void 
 Registers used:
		wreg, status,2
 Tracked objects:
		On entry : 
		On exit  : 
		Unchanged: 
 Data sizes:     COMRAM   BANK0   BANK1   BANK2   BANK3   BANK4   BANK5   BANK6   BANK7   BANK8   BANK9  BANK10  BANK11  BANK12  BANK13  BANK14  BANK15  BANK16  BANK17  BANK18  BANK19  BANK20  BANK21  BANK22  BANK23  BANK24  BANK25  BANK26  BANK27  BANK28  BANK29  BANK30  BANK31
      Params:         0       0       0       0       0       0       0       0       0       0       0       0       0       0       0       0       0       0       0       0       0       0       0       0       0       0       0       0       0       0       0       0       0
      Locals:         0       0       0       0       0       0       0       0       0       0       0       0       0       0       0       0       0       0       0       0       0       0       0       0       0       0       0       0       0       0       0       0       0
      Temps:          0       0       0       0       0       0       0       0       0       0       0       0       0       0       0       0       0       0       0       0       0       0       0       0       0       0       0       0       0       0       0       0       0
      Totals:         0       0       0       0       0       0       0       0       0       0       0       0       0       0       0       0       0       0       0       0       0       0       0       0       0       0       0       0       0       0       0       0       0
Total ram usage:        0 bytes
 Hardware stack levels used:    1
 Hardware stack levels required when called:    2
 This function calls:
		Nothing
 This function is called by:
		_main
 This function uses a non-reentrant model


 *************** function _USART_handler *****************
 Defined at:
		line 183 in file "main.c"
 Parameters:    Size  Location     Type
		None
 Auto vars:     Size  Location     Type
		None
 Return value:  Size  Location     Type
                  1    wreg      void 
 Registers used:
		wreg, fsr1l, fsr1h, fsr2l, fsr2h, status,2, status,0, tblptrl, tblptrh, tblptru, prodl, prodh, cstack
 Tracked objects:
		On entry : 
		On exit  : 
		Unchanged: 
 Data sizes:     COMRAM   BANK0   BANK1   BANK2   BANK3   BANK4   BANK5   BANK6   BANK7   BANK8   BANK9  BANK10  BANK11  BANK12  BANK13  BANK14  BANK15  BANK16  BANK17  BANK18  BANK19  BANK20  BANK21  BANK22  BANK23  BANK24  BANK25  BANK26  BANK27  BANK28  BANK29  BANK30  BANK31
      Params:         0       0       0       0       0       0       0       0       0       0       0       0       0       0       0       0       0       0       0       0       0       0       0       0       0       0       0       0       0       0       0       0       0
      Locals:         0       0       0       0       0       0       0       0       0       0       0       0       0       0       0       0       0       0       0       0       0       0       0       0       0       0       0       0       0       0       0       0       0
      Temps:          0       0       2       0       0       0       0       0       0       0       0       0       0       0       0       0       0       0       0       0       0       0       0       0       0       0       0       0       0       0       0       0       0
      Totals:         0       0       2       0       0       0       0       0       0       0       0       0       0       0       0       0       0       0       0       0       0       0       0       0       0       0       0       0       0       0       0       0       0
Total ram usage:        2 bytes
 Hardware stack levels used:    1
 Hardware stack levels required when called:   10
 This function calls:
		_GetStringSize
		_I2C_handler
		_USART1_SendString
		_memset
		_sprintf
 This function is called by:
		_main
 This function uses a non-reentrant model


 *************** function _sprintf *****************
 Defined at:
		line 9 in file "/opt/microchip/xc8/v2.05/pic/sources/c99/common/nf_sprintf.c"
 Parameters:    Size  Location     Type
  s               2  141[BANK0 ] PTR unsigned char 
		 -> tx_buffer(32), 
  fmt             2  143[BANK0 ] PTR const unsigned char 
		 -> STR_8(24), STR_7(19), STR_6(13), STR_5(21), 
		 -> STR_4(20), STR_3(24), STR_2(13), STR_1(13), 
 Auto vars:     Size  Location     Type
  f               6  153[BANK0 ] struct _IO_FILE
  ap              2  151[BANK0 ] PTR void [1]
		 -> ?_sprintf(2), 
  ret             2    0        int 
 Return value:  Size  Location     Type
                  2  141[BANK0 ] int 
 Registers used:
		wreg, fsr1l, fsr1h, fsr2l, fsr2h, status,2, status,0, tblptrl, tblptrh, tblptru, prodl, prodh, cstack
 Tracked objects:
		On entry : 
		On exit  : 
		Unchanged: 
 Data sizes:     COMRAM   BANK0   BANK1   BANK2   BANK3   BANK4   BANK5   BANK6   BANK7   BANK8   BANK9  BANK10  BANK11  BANK12  BANK13  BANK14  BANK15  BANK16  BANK17  BANK18  BANK19  BANK20  BANK21  BANK22  BANK23  BANK24  BANK25  BANK26  BANK27  BANK28  BANK29  BANK30  BANK31
      Params:         0       8       0       0       0       0       0       0       0       0       0       0       0       0       0       0       0       0       0       0       0       0       0       0       0       0       0       0       0       0       0       0       0
      Locals:         0      10       0       0       0       0       0       0       0       0       0       0       0       0       0       0       0       0       0       0       0       0       0       0       0       0       0       0       0       0       0       0       0
      Temps:          0       0       0       0       0       0       0       0       0       0       0       0       0       0       0       0       0       0       0       0       0       0       0       0       0       0       0       0       0       0       0       0       0
      Totals:         0      18       0       0       0       0       0       0       0       0       0       0       0       0       0       0       0       0       0       0       0       0       0       0       0       0       0       0       0       0       0       0       0
Total ram usage:       18 bytes
 Hardware stack levels used:    1
 Hardware stack levels required when called:    9
 This function calls:
		_vfprintf
 This function is called by:
		_USART_handler
 This function uses a non-reentrant model


 *************** function _vfprintf *****************
 Defined at:
		line 1368 in file "/opt/microchip/xc8/v2.05/pic/sources/c99/common/doprnt.c"
 Parameters:    Size  Location     Type
  fp              2  133[BANK0 ] PTR struct _IO_FILE
		 -> sprintf@f(6), 
  fmt             2  135[BANK0 ] PTR const unsigned char 
		 -> STR_8(24), STR_7(19), STR_6(13), STR_5(21), 
		 -> STR_4(20), STR_3(24), STR_2(13), STR_1(13), 
  ap              2  137[BANK0 ] PTR PTR void 
		 -> sprintf@ap(2), 
 Auto vars:     Size  Location     Type
  cfmt            2  139[BANK0 ] PTR unsigned char 
		 -> STR_8(24), STR_7(19), STR_6(13), STR_5(21), 
		 -> STR_4(20), STR_3(24), STR_2(13), STR_1(13), 
 Return value:  Size  Location     Type
                  2  133[BANK0 ] int 
 Registers used:
		wreg, fsr1l, fsr1h, fsr2l, fsr2h, status,2, status,0, tblptrl, tblptrh, tblptru, prodl, prodh, cstack
 Tracked objects:
		On entry : 
		On exit  : 
		Unchanged: 
 Data sizes:     COMRAM   BANK0   BANK1   BANK2   BANK3   BANK4   BANK5   BANK6   BANK7   BANK8   BANK9  BANK10  BANK11  BANK12  BANK13  BANK14  BANK15  BANK16  BANK17  BANK18  BANK19  BANK20  BANK21  BANK22  BANK23  BANK24  BANK25  BANK26  BANK27  BANK28  BANK29  BANK30  BANK31
      Params:         0       6       0       0       0       0       0       0       0       0       0       0       0       0       0       0       0       0       0       0       0       0       0       0       0       0       0       0       0       0       0       0       0
      Locals:         0       2       0       0       0       0       0       0       0       0       0       0       0       0       0       0       0       0       0       0       0       0       0       0       0       0       0       0       0       0       0       0       0
      Temps:          0       0       0       0       0       0       0       0       0       0       0       0       0       0       0       0       0       0       0       0       0       0       0       0       0       0       0       0       0       0       0       0       0
      Totals:         0       8       0       0       0       0       0       0       0       0       0       0       0       0       0       0       0       0       0       0       0       0       0       0       0       0       0       0       0       0       0       0       0
Total ram usage:        8 bytes
 Hardware stack levels used:    1
 Hardware stack levels required when called:    8
 This function calls:
		_vfpfcnvrt
 This function is called by:
		_sprintf
 This function uses a non-reentrant model


 *************** function _vfpfcnvrt *****************
 Defined at:
		line 670 in file "/opt/microchip/xc8/v2.05/pic/sources/c99/common/doprnt.c"
 Parameters:    Size  Location     Type
  fp              2  113[BANK0 ] PTR struct _IO_FILE
		 -> sprintf@f(6), 
  fmt             2  115[BANK0 ] PTR PTR unsigned char 
		 -> vfprintf@cfmt(2), 
  ap              2  117[BANK0 ] PTR PTR void 
		 -> sprintf@ap(2), 
 Auto vars:     Size  Location     Type
  llu             8    0        unsigned long long 
  ll              8    0        long long 
  f               4  125[BANK0 ] long long 
  ct              3  129[BANK0 ] unsigned char [3]
  vp              3    0        PTR void 
  cp              3    0        PTR unsigned char 
  i               2    0        int 
  done            2    0        int 
  c               1  132[BANK0 ] unsigned char 
 Return value:  Size  Location     Type
                  2  113[BANK0 ] int 
 Registers used:
		wreg, fsr1l, fsr1h, fsr2l, fsr2h, status,2, status,0, tblptrl, tblptrh, tblptru, prodl, prodh, cstack
 Tracked objects:
		On entry : 
		On exit  : 
		Unchanged: 
 Data sizes:     COMRAM   BANK0   BANK1   BANK2   BANK3   BANK4   BANK5   BANK6   BANK7   BANK8   BANK9  BANK10  BANK11  BANK12  BANK13  BANK14  BANK15  BANK16  BANK17  BANK18  BANK19  BANK20  BANK21  BANK22  BANK23  BANK24  BANK25  BANK26  BANK27  BANK28  BANK29  BANK30  BANK31
      Params:         0       6       0       0       0       0       0       0       0       0       0       0       0       0       0       0       0       0       0       0       0       0       0       0       0       0       0       0       0       0       0       0       0
      Locals:         0      10       0       0       0       0       0       0       0       0       0       0       0       0       0       0       0       0       0       0       0       0       0       0       0       0       0       0       0       0       0       0       0
      Temps:          0       4       0       0       0       0       0       0       0       0       0       0       0       0       0       0       0       0       0       0       0       0       0       0       0       0       0       0       0       0       0       0       0
      Totals:         0      20       0       0       0       0       0       0       0       0       0       0       0       0       0       0       0       0       0       0       0       0       0       0       0       0       0       0       0       0       0       0       0
Total ram usage:       20 bytes
 Hardware stack levels used:    1
 Hardware stack levels required when called:    7
 This function calls:
		_efgtoa
		_fputc
		_isupper
		_strncmp
		_tolower
 This function is called by:
		_vfprintf
 This function uses a non-reentrant model


 *************** function _strncmp *****************
 Defined at:
		line 3 in file "/opt/microchip/xc8/v2.05/pic/sources/c99/common/strncmp.c"
 Parameters:    Size  Location     Type
  _l              2    0[BANK0 ] PTR const unsigned char 
		 -> vfpfcnvrt@ct(3), 
  _r              2    2[BANK0 ] PTR const unsigned char 
		 -> STR_19(3), 
  n               2    4[BANK0 ] unsigned int 
 Auto vars:     Size  Location     Type
  r               2    9[BANK0 ] PTR const unsigned char 
		 -> STR_19(3), 
  l               2    7[BANK0 ] PTR const unsigned char 
		 -> vfpfcnvrt@ct(3), 
 Return value:  Size  Location     Type
                  2    0[BANK0 ] int 
 Registers used:
		wreg, fsr2l, fsr2h, status,2, status,0, tblptrl, tblptrh, tblptru
 Tracked objects:
		On entry : 
		On exit  : 
		Unchanged: 
 Data sizes:     COMRAM   BANK0   BANK1   BANK2   BANK3   BANK4   BANK5   BANK6   BANK7   BANK8   BANK9  BANK10  BANK11  BANK12  BANK13  BANK14  BANK15  BANK16  BANK17  BANK18  BANK19  BANK20  BANK21  BANK22  BANK23  BANK24  BANK25  BANK26  BANK27  BANK28  BANK29  BANK30  BANK31
      Params:         0       6       0       0       0       0       0       0       0       0       0       0       0       0       0       0       0       0       0       0       0       0       0       0       0       0       0       0       0       0       0       0       0
      Locals:         0       4       0       0       0       0       0       0       0       0       0       0       0       0       0       0       0       0       0       0       0       0       0       0       0       0       0       0       0       0       0       0       0
      Temps:          0       1       0       0       0       0       0       0       0       0       0       0       0       0       0       0       0       0       0       0       0       0       0       0       0       0       0       0       0       0       0       0       0
      Totals:         0      11       0       0       0       0       0       0       0       0       0       0       0       0       0       0       0       0       0       0       0       0       0       0       0       0       0       0       0       0       0       0       0
Total ram usage:       11 bytes
 Hardware stack levels used:    1
 Hardware stack levels required when called:    2
 This function calls:
		Nothing
 This function is called by:
		_vfpfcnvrt
 This function uses a non-reentrant model


 *************** function _efgtoa *****************
 Defined at:
		line 319 in file "/opt/microchip/xc8/v2.05/pic/sources/c99/common/doprnt.c"
 Parameters:    Size  Location     Type
  fp              2   45[BANK0 ] PTR struct _IO_FILE
		 -> sprintf@f(6), 
  f               4   47[BANK0 ] PTR struct _IO_FILE
  c               1   51[BANK0 ] unsigned char 
 Auto vars:     Size  Location     Type
  u               4  109[BANK0 ] unsigned char 
  g               4  101[BANK0 ] unsigned char 
  l               4   95[BANK0 ] unsigned char 
  h               4   91[BANK0 ] unsigned char 
  ou              4   57[BANK0 ] unsigned char 
  n               2  107[BANK0 ] int 
  e               2  105[BANK0 ] int 
  i               2   99[BANK0 ] int 
  w               2   88[BANK0 ] int 
  p               2   85[BANK0 ] int 
  sign            2   83[BANK0 ] int 
  d               2   81[BANK0 ] int 
  ne              2   79[BANK0 ] int 
  m               2   77[BANK0 ] int 
  pp              2   75[BANK0 ] int 
  t               2   73[BANK0 ] int 
  mode            1   90[BANK0 ] unsigned char 
  nmode           1   87[BANK0 ] unsigned char 
 Return value:  Size  Location     Type
                  2   45[BANK0 ] int 
 Registers used:
		wreg, fsr1l, fsr1h, fsr2l, fsr2h, status,2, status,0, tblptrl, tblptrh, tblptru, prodl, prodh, cstack
 Tracked objects:
		On entry : 
		On exit  : 
[...]
		On entry : 
		On exit  : 
		Unchanged: 
 Data sizes:     COMRAM   BANK0   BANK1   BANK2   BANK3   BANK4   BANK5   BANK6   BANK7   BANK8   BANK9  BANK10  BANK11  BANK12  BANK13  BANK14  BANK15  BANK16  BANK17  BANK18  BANK19  BANK20  BANK21  BANK22  BANK23  BANK24  BANK25  BANK26  BANK27  BANK28  BANK29  BANK30  BANK31
      Params:         0       0       0       0       0       0       0       0       0       0       0       0       0       0       0       0       0       0       0       0       0       0       0       0       0       0       0       0       0       0       0       0       0
      Locals:         2       0       0       0       0       0       0       0       0       0       0       0       0       0       0       0       0       0       0       0       0       0       0       0       0       0       0       0       0       0       0       0       0
      Temps:          2       0       0       0       0       0       0       0       0       0       0       0       0       0       0       0       0       0       0       0       0       0       0       0       0       0       0       0       0       0       0       0       0
      Totals:         4       0       0       0       0       0       0       0       0       0       0       0       0       0       0       0       0       0       0       0       0       0       0       0       0       0       0       0       0       0       0       0       0
Total ram usage:        4 bytes
 Hardware stack levels used:    1
 Hardware stack levels required when called:    1
 This function calls:
		___xxtofl
		i2___flmul
 This function is called by:
		Interrupt level 2
 This function uses a non-reentrant model


 *************** function i2___flmul *****************
 Defined at:
		line 8 in file "/opt/microchip/xc8/v2.05/pic/sources/c99/common/sprcmul.c"
 Parameters:    Size  Location     Type
  b               4   15[COMRAM] void 
  a               4   19[COMRAM] void 
 Auto vars:     Size  Location     Type
  __flmul         4   34[COMRAM] struct .
  __flmul         4   28[COMRAM] unsigned long 
  __flmul         2   38[COMRAM] struct .
  __flmul         1   33[COMRAM] unsigned char 
  __flmul         1   32[COMRAM] unsigned char 
  __flmul         1   27[COMRAM] unsigned char 
 Return value:  Size  Location     Type
                  4   15[COMRAM] unsigned char 
 Registers used:
		wreg, status,2, status,0, prodl, prodh
 Tracked objects:
		On entry : 
		On exit  : 
		Unchanged: 
 Data sizes:     COMRAM   BANK0   BANK1   BANK2   BANK3   BANK4   BANK5   BANK6   BANK7   BANK8   BANK9  BANK10  BANK11  BANK12  BANK13  BANK14  BANK15  BANK16  BANK17  BANK18  BANK19  BANK20  BANK21  BANK22  BANK23  BANK24  BANK25  BANK26  BANK27  BANK28  BANK29  BANK30  BANK31
      Params:         8       0       0       0       0       0       0       0       0       0       0       0       0       0       0       0       0       0       0       0       0       0       0       0       0       0       0       0       0       0       0       0       0
      Locals:        13       0       0       0       0       0       0       0       0       0       0       0       0       0       0       0       0       0       0       0       0       0       0       0       0       0       0       0       0       0       0       0       0
      Temps:          4       0       0       0       0       0       0       0       0       0       0       0       0       0       0       0       0       0       0       0       0       0       0       0       0       0       0       0       0       0       0       0       0
      Totals:        25       0       0       0       0       0       0       0       0       0       0       0       0       0       0       0       0       0       0       0       0       0       0       0       0       0       0       0       0       0       0       0       0
Total ram usage:       25 bytes
 Hardware stack levels used:    1
 This function calls:
		Nothing
 This function is called by:
		_ADC_ISR
 This function uses a non-reentrant model


 *************** function ___xxtofl *****************
 Defined at:
		line 10 in file "/opt/microchip/xc8/v2.05/pic/sources/c99/common/xxtofl.c"
 Parameters:    Size  Location     Type
  sign            1    wreg     unsigned char 
  val             4    1[COMRAM] long 
 Auto vars:     Size  Location     Type
  sign            1    9[COMRAM] unsigned char 
  arg             4   11[COMRAM] unsigned long 
  exp             1   10[COMRAM] unsigned char 
 Return value:  Size  Location     Type
                  4    1[COMRAM] unsigned char 
 Registers used:
		wreg, status,2, status,0
 Tracked objects:
		On entry : 
		On exit  : 
		Unchanged: 
 Data sizes:     COMRAM   BANK0   BANK1   BANK2   BANK3   BANK4   BANK5   BANK6   BANK7   BANK8   BANK9  BANK10  BANK11  BANK12  BANK13  BANK14  BANK15  BANK16  BANK17  BANK18  BANK19  BANK20  BANK21  BANK22  BANK23  BANK24  BANK25  BANK26  BANK27  BANK28  BANK29  BANK30  BANK31
      Params:         4       0       0       0       0       0       0       0       0       0       0       0       0       0       0       0       0       0       0       0       0       0       0       0       0       0       0       0       0       0       0       0       0
      Locals:         6       0       0       0       0       0       0       0       0       0       0       0       0       0       0       0       0       0       0       0       0       0       0       0       0       0       0       0       0       0       0       0       0
      Temps:          4       0       0       0       0       0       0       0       0       0       0       0       0       0       0       0       0       0       0       0       0       0       0       0       0       0       0       0       0       0       0       0       0
      Totals:        14       0       0       0       0       0       0       0       0       0       0       0       0       0       0       0       0       0       0       0       0       0       0       0       0       0       0       0       0       0       0       0       0
Total ram usage:       14 bytes
 Hardware stack levels used:    1
 This function calls:
		Nothing
 This function is called by:
		_ADC_ISR
 This function uses a non-reentrant model


 *************** function _I2C_TX_ISR *****************
 Defined at:
		line 98 in file "main.c"
 Parameters:    Size  Location     Type
		None
 Auto vars:     Size  Location     Type
		None
 Return value:  Size  Location     Type
                  1    wreg      void 
 Registers used:
		wreg, fsr2l, fsr2h, status,2, status,0
 Tracked objects:
		On entry : 
		On exit  : 
		Unchanged: 
 Data sizes:     COMRAM   BANK0   BANK1   BANK2   BANK3   BANK4   BANK5   BANK6   BANK7   BANK8   BANK9  BANK10  BANK11  BANK12  BANK13  BANK14  BANK15  BANK16  BANK17  BANK18  BANK19  BANK20  BANK21  BANK22  BANK23  BANK24  BANK25  BANK26  BANK27  BANK28  BANK29  BANK30  BANK31
      Params:         0       0       0       0       0       0       0       0       0       0       0       0       0       0       0       0       0       0       0       0       0       0       0       0       0       0       0       0       0       0       0       0       0
      Locals:         0       0       0       0       0       0       0       0       0       0       0       0       0       0       0       0       0       0       0       0       0       0       0       0       0       0       0       0       0       0       0       0       0
      Temps:          0       0       0       0       0       0       0       0       0       0       0       0       0       0       0       0       0       0       0       0       0       0       0       0       0       0       0       0       0       0       0       0       0
      Totals:         0       0       0       0       0       0       0       0       0       0       0       0       0       0       0       0       0       0       0       0       0       0       0       0       0       0       0       0       0       0       0       0       0
Total ram usage:        0 bytes
 Hardware stack levels used:    1
 This function calls:
		Nothing
 This function is called by:
		Interrupt level 2
 This function uses a non-reentrant model


 *************** function _I2C_RX_ISR *****************
 Defined at:
		line 102 in file "main.c"
 Parameters:    Size  Location     Type
		None
 Auto vars:     Size  Location     Type
		None
 Return value:  Size  Location     Type
                  1    wreg      void 
 Registers used:
		wreg, fsr2l, fsr2h, status,2, status,0
 Tracked objects:
		On entry : 
		On exit  : 
		Unchanged: 
 Data sizes:     COMRAM   BANK0   BANK1   BANK2   BANK3   BANK4   BANK5   BANK6   BANK7   BANK8   BANK9  BANK10  BANK11  BANK12  BANK13  BANK14  BANK15  BANK16  BANK17  BANK18  BANK19  BANK20  BANK21  BANK22  BANK23  BANK24  BANK25  BANK26  BANK27  BANK28  BANK29  BANK30  BANK31
      Params:         0       0       0       0       0       0       0       0       0       0       0       0       0       0       0       0       0       0       0       0       0       0       0       0       0       0       0       0       0       0       0       0       0
      Locals:         0       0       0       0       0       0       0       0       0       0       0       0       0       0       0       0       0       0       0       0       0       0       0       0       0       0       0       0       0       0       0       0       0
      Temps:          0       0       0       0       0       0       0       0       0       0       0       0       0       0       0       0       0       0       0       0       0       0       0       0       0       0       0       0       0       0       0       0       0
      Totals:         0       0       0       0       0       0       0       0       0       0       0       0       0       0       0       0       0       0       0       0       0       0       0       0       0       0       0       0       0       0       0       0       0
Total ram usage:        0 bytes
 Hardware stack levels used:    1
 This function calls:
		Nothing
 This function is called by:
		Interrupt level 2
 This function uses a non-reentrant model


 *************** function _I2C_GENERAL_ISR *****************
 Defined at:
		line 107 in file "main.c"
 Parameters:    Size  Location     Type
		None
 Auto vars:     Size  Location     Type
		None
 Return value:  Size  Location     Type
                  1    wreg      void 
 Registers used:
		wreg, status,2
 Tracked objects:
		On entry : 
		On exit  : 
		Unchanged: 
 Data sizes:     COMRAM   BANK0   BANK1   BANK2   BANK3   BANK4   BANK5   BANK6   BANK7   BANK8   BANK9  BANK10  BANK11  BANK12  BANK13  BANK14  BANK15  BANK16  BANK17  BANK18  BANK19  BANK20  BANK21  BANK22  BANK23  BANK24  BANK25  BANK26  BANK27  BANK28  BANK29  BANK30  BANK31
      Params:         0       0       0       0       0       0       0       0       0       0       0       0       0       0       0       0       0       0       0       0       0       0       0       0       0       0       0       0       0       0       0       0       0
      Locals:         0       0       0       0       0       0       0       0       0       0       0       0       0       0       0       0       0       0       0       0       0       0       0       0       0       0       0       0       0       0       0       0       0
      Temps:          0       0       0       0       0       0       0       0       0       0       0       0       0       0       0       0       0       0       0       0       0       0       0       0       0       0       0       0       0       0       0       0       0
      Totals:         0       0       0       0       0       0       0       0       0       0       0       0       0       0       0       0       0       0       0       0       0       0       0       0       0       0       0       0       0       0       0       0       0
Total ram usage:        0 bytes
 Hardware stack levels used:    1
 This function calls:
		Nothing
 This function is called by:
		Interrupt level 2
 This function uses a non-reentrant model


 *************** function _DEFAULT_ISR *****************
 Defined at:
		line 113 in file "main.c"
 Parameters:    Size  Location     Type
		None
 Auto vars:     Size  Location     Type
		None
 Return value:  Size  Location     Type
                  1    wreg      void 
 Registers used:
		None
 Tracked objects:
		On entry : 
		On exit  : 
		Unchanged: 
 Data sizes:     COMRAM   BANK0   BANK1   BANK2   BANK3   BANK4   BANK5   BANK6   BANK7   BANK8   BANK9  BANK10  BANK11  BANK12  BANK13  BANK14  BANK15  BANK16  BANK17  BANK18  BANK19  BANK20  BANK21  BANK22  BANK23  BANK24  BANK25  BANK26  BANK27  BANK28  BANK29  BANK30  BANK31
      Params:         0       0       0       0       0       0       0       0       0       0       0       0       0       0       0       0       0       0       0       0       0       0       0       0       0       0       0       0       0       0       0       0       0
      Locals:         0       0       0       0       0       0       0       0       0       0       0       0       0       0       0       0       0       0       0       0       0       0       0       0       0       0       0       0       0       0       0       0       0
      Temps:          0       0       0       0       0       0       0       0       0       0       0       0       0       0       0       0       0       0       0       0       0       0       0       0       0       0       0       0       0       0       0       0       0
      Totals:         0       0       0       0       0       0       0       0       0       0       0       0       0       0       0       0       0       0       0       0       0       0       0       0       0       0       0       0       0       0       0       0       0
Total ram usage:        0 bytes
 Hardware stack levels used:    1
 This function calls:
		Nothing
 This function is called by:
		Interrupt level 2
 This function uses a non-reentrant model



MODULE INFORMATION

Module		Function		Class		Link	Load	Size
/opt/microchip/xc8/v2.05/pic/sources/c99/common/strncmp.c
		_strncmp       		CODE           	4582	0000	209

/opt/microchip/xc8/v2.05/pic/sources/c99/common/strncmp.c estimated size: 209

/opt/microchip/xc8/v2.05/pic/sources/c99/common/tolower.c
		_tolower       		CODE           	4F20	0000	87

/opt/microchip/xc8/v2.05/pic/sources/c99/common/tolower.c estimated size: 87

/opt/microchip/xc8/v2.05/pic/sources/c99/common/flge.c
		___flge        		CODE           	44B0	0000	211

/opt/microchip/xc8/v2.05/pic/sources/c99/common/flge.c estimated size: 211

/opt/microchip/xc8/v2.05/pic/sources/c99/common/flneg.c
		___flneg       		CODE           	5086	0000	57

/opt/microchip/xc8/v2.05/pic/sources/c99/common/flneg.c estimated size: 57

/opt/microchip/xc8/v2.05/pic/sources/c99/common/sprcmul.c
		___flmul       		CODE           	2BEC	0000	949

/opt/microchip/xc8/v2.05/pic/sources/c99/common/sprcmul.c estimated size: 949

/opt/microchip/xc8/v2.05/pic/sources/c99/common/Umul16.c
		___wmul        		CODE           	519C	0000	49

/opt/microchip/xc8/v2.05/pic/sources/c99/common/Umul16.c estimated size: 49

/opt/microchip/xc8/v2.05/pic/sources/c99/common/sprcdiv.c
		___fldiv       		CODE           	3A32	0000	687

/opt/microchip/xc8/v2.05/pic/sources/c99/common/sprcdiv.c estimated size: 687

/opt/microchip/xc8/v2.05/pic/sources/c99/common/nf_fputc.c
		_fputc         		CODE           	489E	0000	177

/opt/microchip/xc8/v2.05/pic/sources/c99/common/nf_fputc.c estimated size: 177

USART1.c
		_USART1_Init   		CODE           	4BA6	0000	135
		_USART1_SendString		CODE           	494E	0000	163
		_USART1_ReceiveCommand		CODE           	3EDC	0000	467
		_USART1_SendByte		CODE           	520E	0000	27

USART1.c estimated size: 792

I2C.c
		_I2C_Transmit  		CODE           	49F0	0000	161
		_I2C_Init      		CODE           	4DFC	0000	107
		_I2C_handler   		CODE           	4F76	0000	75

I2C.c estimated size: 343

/opt/microchip/xc8/v2.05/pic/sources/c99/common/putch.c
		_putch         		CODE           	529E	0000	3

/opt/microchip/xc8/v2.05/pic/sources/c99/common/putch.c estimated size: 3

/opt/microchip/xc8/v2.05/pic/sources/c99/common/sprcadd.c
		___flsub       		CODE           	4E66	0000	97
		___fladd       		CODE           	36E8	0000	843

/opt/microchip/xc8/v2.05/pic/sources/c99/common/sprcadd.c estimated size: 940

/opt/microchip/xc8/v2.05/pic/sources/c99/common/xxtofl.c
		___xxtofl      		CODE           	425E	0000	357

/opt/microchip/xc8/v2.05/pic/sources/c99/common/xxtofl.c estimated size: 357

/opt/microchip/xc8/v2.05/pic/sources/c99/common/strlen.c
		_strlen        		CODE           	5166	0000	55

/opt/microchip/xc8/v2.05/pic/sources/c99/common/strlen.c estimated size: 55

/opt/microchip/xc8/v2.05/pic/sources/c99/common/fleq.c
		___fleq        		CODE           	4A90	0000	141

/opt/microchip/xc8/v2.05/pic/sources/c99/common/fleq.c estimated size: 141

/opt/microchip/xc8/v2.05/pic/sources/c99/common/nf_sprintf.c
		_sprintf       		CODE           	4EC6	0000	91

/opt/microchip/xc8/v2.05/pic/sources/c99/common/nf_sprintf.c estimated size: 91

/opt/microchip/xc8/v2.05/pic/sources/c99/common/floorf.c
		_floorf        		CODE           	3CE0	0000	509

/opt/microchip/xc8/v2.05/pic/sources/c99/common/floorf.c estimated size: 509

/opt/microchip/xc8/v2.05/pic/sources/c99/common/awmod.c
		___awmod       		CODE           	4CAE	0000	119

/opt/microchip/xc8/v2.05/pic/sources/c99/common/awmod.c estimated size: 119

/opt/microchip/xc8/v2.05/pic/sources/c99/common/strcpy.c
		_strcpy        		CODE           	4D92	0000	107

/opt/microchip/xc8/v2.05/pic/sources/c99/common/strcpy.c estimated size: 107

/opt/microchip/xc8/v2.05/pic/sources/c99/common/isupper.c
		_isupper       		CODE           	5130	0000	55

/opt/microchip/xc8/v2.05/pic/sources/c99/common/isupper.c estimated size: 55

shared
		__initialization		CODE           	4FC0	0000	65
		i2___flmul     		CODE           	2FA0	0000	947

shared estimated size: 1012

/opt/microchip/xc8/v2.05/pic/sources/c99/common/nf_fputs.c
		_fputs         		CODE           	5006	0000	67

/opt/microchip/xc8/v2.05/pic/sources/c99/common/nf_fputs.c estimated size: 67

/opt/microchip/xc8/v2.05/pic/sources/c99/common/__fpclassifyf.c
		___fpclassifyf 		CODE           	43C2	0000	239

/opt/microchip/xc8/v2.05/pic/sources/c99/common/__fpclassifyf.c estimated size: 239

/opt/microchip/xc8/v2.05/pic/sources/c99/common/fltol.c
		___fltol       		CODE           	4652	0000	205

/opt/microchip/xc8/v2.05/pic/sources/c99/common/fltol.c estimated size: 205

/opt/microchip/xc8/v2.05/pic/sources/c99/common/awdiv.c
		___awdiv       		CODE           	4B1C	0000	139

/opt/microchip/xc8/v2.05/pic/sources/c99/common/awdiv.c estimated size: 139

main.c
		_I2C_GENERAL_ISR		CODE           	5280	0000	17
		_I2C_TX_ISR    		CODE           	5240	0000	23
		_UART1_TX_ISR  		CODE           	5290	0000	13
		_ADC_Start     		CODE           	526E	0000	19
		_memset        		CODE           	50BE	0000	57
		_main          		CODE           	471E	0000	201
		_USART_handler 		CODE           	40AE	0000	433
		_timer0_init   		CODE           	51EE	0000	33
		_DEFAULT_ISR   		CODE           	52A0	0000	3
		_GetStringSize 		CODE           	5048	0000	63
		_UART1_RX_ISR  		CODE           	5228	0000	23
		_I2C_RX_ISR    		CODE           	5258	0000	23
		_TIMER0_ISR    		CODE           	50F8	0000	57
		_ADC_ISR       		CODE           	4C2C	0000	131
		_ADC_Init      		CODE           	51CC	0000	35

main.c estimated size: 1131

/opt/microchip/xc8/v2.05/pic/sources/c99/common/doprnt.c
		_vfpfcnvrt     		CODE           	3352	0000	919
		_efgtoa        		CODE           	2090	0000	2909
		_pad           		CODE           	47E6	0000	185
		_vfprintf      		CODE           	4D24	0000	111

/opt/microchip/xc8/v2.05/pic/sources/c99/common/doprnt.c estimated size: 4124

